Component: ARM Compiler 5.05 update 1 (build 106) Tool: armlink [4d0efa]

==============================================================================

Section Cross References

    main.o(i.main) refers to _printf_percent.o(.ARM.Collect$$_printf_percent$$00000000) for _printf_percent
    main.o(i.main) refers to _printf_d.o(.ARM.Collect$$_printf_percent$$00000009) for _printf_d
    main.o(i.main) refers to _printf_dec.o(.text) for _printf_int_dec
    main.o(i.main) refers to sys.o(i.Cache_Enable) for Cache_Enable
    main.o(i.main) refers to stm32h7xx_hal.o(i.HAL_Init) for HAL_Init
    main.o(i.main) refers to sys.o(i.Stm32_Clock_Init) for Stm32_Clock_Init
    main.o(i.main) refers to delay.o(i.delay_init) for delay_init
    main.o(i.main) refers to usart.o(i.uart_init) for uart_init
    main.o(i.main) refers to mpu9250.o(i.MPU9250_Init) for MPU9250_Init
    main.o(i.main) refers to usart.o(i.uart4_init) for uart4_init
    main.o(i.main) refers to timer.o(i.TIM3_Init) for TIM3_Init
    main.o(i.main) refers to servo.o(i.TIM2_PWM_Init) for TIM2_PWM_Init
    main.o(i.main) refers to usart.o(i.USART3_init) for USART3_init
    main.o(i.main) refers to dma.o(i.MYDMA_Config) for MYDMA_Config
    main.o(i.main) refers to hmc5983.o(i.hmc5983_init) for hmc5983_init
    main.o(i.main) refers to attitude.o(i.SensorCalibration) for SensorCalibration
    main.o(i.main) refers to sbus.o(i.Remoter_Cali) for Remoter_Cali
    main.o(i.main) refers to sbus.o(i.Sbus_Recieve) for Sbus_Recieve
    main.o(i.main) refers to gps.o(i.Gps_Recieve) for Gps_Recieve
    main.o(i.main) refers to attitude.o(i.AttitudeFilter) for AttitudeFilter
    main.o(i.main) refers to attitudecontrol.o(i.AttitudeControl) for AttitudeControl
    main.o(i.main) refers to powercontrol.o(i.Motor_Set) for Motor_Set
    main.o(i.main) refers to powercontrol.o(i.Motor_PWMSet) for Motor_PWMSet
    main.o(i.main) refers to noretval__2printf.o(.text) for __2printf
    main.o(i.main) refers to usart.o(.bss) for UART4_Handler
    main.o(i.main) refers to main.o(.data) for Timer_Flag
    main.o(i.main) refers to sbus.o(.bss) for Remoter_Channel
    main.o(i.main) refers to global.o(.data) for AutoStateFlag
    main.o(i.main) refers to powercontrol.o(.data) for MOTOR_M4
    stm32h7xx_it.o(i.SysTick_Handler) refers to stm32h7xx_hal.o(i.HAL_IncTick) for HAL_IncTick
    system_stm32h7xx.o(i.SystemCoreClockUpdate) refers to system_stm32h7xx.o(.data) for SystemCoreClock
    system_stm32h7xx.o(i.SystemCoreClockUpdate) refers to system_stm32h7xx.o(.constdata) for D1CorePrescTable
    startup_stm32h743xx.o(STACK) refers (Special) to heapauxi.o(.text) for __use_two_region_memory
    startup_stm32h743xx.o(HEAP) refers (Special) to heapauxi.o(.text) for __use_two_region_memory
    startup_stm32h743xx.o(RESET) refers (Special) to heapauxi.o(.text) for __use_two_region_memory
    startup_stm32h743xx.o(RESET) refers to startup_stm32h743xx.o(STACK) for __initial_sp
    startup_stm32h743xx.o(RESET) refers to startup_stm32h743xx.o(.text) for Reset_Handler
    startup_stm32h743xx.o(RESET) refers to stm32h7xx_it.o(i.NMI_Handler) for NMI_Handler
    startup_stm32h743xx.o(RESET) refers to stm32h7xx_it.o(i.HardFault_Handler) for HardFault_Handler
    startup_stm32h743xx.o(RESET) refers to stm32h7xx_it.o(i.MemManage_Handler) for MemManage_Handler
    startup_stm32h743xx.o(RESET) refers to stm32h7xx_it.o(i.BusFault_Handler) for BusFault_Handler
    startup_stm32h743xx.o(RESET) refers to stm32h7xx_it.o(i.UsageFault_Handler) for UsageFault_Handler
    startup_stm32h743xx.o(RESET) refers to stm32h7xx_it.o(i.SVC_Handler) for SVC_Handler
    startup_stm32h743xx.o(RESET) refers to stm32h7xx_it.o(i.DebugMon_Handler) for DebugMon_Handler
    startup_stm32h743xx.o(RESET) refers to stm32h7xx_it.o(i.PendSV_Handler) for PendSV_Handler
    startup_stm32h743xx.o(RESET) refers to stm32h7xx_it.o(i.SysTick_Handler) for SysTick_Handler
    startup_stm32h743xx.o(RESET) refers to dma.o(i.DMA1_Stream1_IRQHandler) for DMA1_Stream1_IRQHandler
    startup_stm32h743xx.o(RESET) refers to dma.o(i.DMA1_Stream2_IRQHandler) for DMA1_Stream2_IRQHandler
    startup_stm32h743xx.o(RESET) refers to dma.o(i.DMA1_Stream3_IRQHandler) for DMA1_Stream3_IRQHandler
    startup_stm32h743xx.o(RESET) refers to dma.o(i.DMA1_Stream4_IRQHandler) for DMA1_Stream4_IRQHandler
    startup_stm32h743xx.o(RESET) refers to servo.o(i.TIM2_IRQHandler) for TIM2_IRQHandler
    startup_stm32h743xx.o(RESET) refers to timer.o(i.TIM3_IRQHandler) for TIM3_IRQHandler
    startup_stm32h743xx.o(RESET) refers to usart.o(i.USART1_IRQHandler) for USART1_IRQHandler
    startup_stm32h743xx.o(RESET) refers to usart.o(i.USART3_IRQHandler) for USART3_IRQHandler
    startup_stm32h743xx.o(RESET) refers to usart.o(i.UART4_IRQHandler) for UART4_IRQHandler
    startup_stm32h743xx.o(.text) refers (Special) to heapauxi.o(.text) for __use_two_region_memory
    startup_stm32h743xx.o(.text) refers to system_stm32h7xx.o(i.SystemInit) for SystemInit
[...]
    _clock_init                               - Undefined Weak Reference
    _fp_trap_init                             - Undefined Weak Reference
    _fp_trap_shutdown                         - Undefined Weak Reference
    _get_lc_collate                           - Undefined Weak Reference
    _get_lc_ctype                             - Undefined Weak Reference
    _get_lc_monetary                          - Undefined Weak Reference
    _get_lc_numeric                           - Undefined Weak Reference
    _get_lc_time                              - Undefined Weak Reference
    _getenv_init                              - Undefined Weak Reference
    _handle_redirection                       - Undefined Weak Reference
    _init_alloc                               - Undefined Weak Reference
    _init_user_alloc                          - Undefined Weak Reference
    _initio                                   - Undefined Weak Reference
    _mutex_acquire                            - Undefined Weak Reference
    _mutex_release                            - Undefined Weak Reference
    _printf_post_padding                      - Undefined Weak Reference
    _printf_pre_padding                       - Undefined Weak Reference
    _printf_truncate_signed                   - Undefined Weak Reference
    _printf_truncate_unsigned                 - Undefined Weak Reference
    _rand_init                                - Undefined Weak Reference
    _signal_finish                            - Undefined Weak Reference
    _signal_init                              - Undefined Weak Reference
    _terminate_alloc                          - Undefined Weak Reference
    _terminate_user_alloc                     - Undefined Weak Reference
    _terminateio                              - Undefined Weak Reference
    __Vectors_Size                           0x00000298   Number         0  startup_stm32h743xx.o ABSOLUTE
    __Vectors                                0x08000000   Data           4  startup_stm32h743xx.o(RESET)
    __Vectors_End                            0x08000298   Data           0  startup_stm32h743xx.o(RESET)
    __main                                   0x08000299   Thumb Code     8  __main.o(!!!main)
    __scatterload                            0x080002a1   Thumb Code     0  __scatter.o(!!!scatter)
    __scatterload_rt2                        0x080002a1   Thumb Code    44  __scatter.o(!!!scatter)
    __scatterload_rt2_thumb_only             0x080002a1   Thumb Code     0  __scatter.o(!!!scatter)
    __scatterload_null                       0x080002af   Thumb Code     0  __scatter.o(!!!scatter)
    __decompress                             0x080002d5   Thumb Code    90  __dczerorl2.o(!!dczerorl2)
    __decompress1                            0x080002d5   Thumb Code     0  __dczerorl2.o(!!dczerorl2)
    __scatterload_zeroinit                   0x08000331   Thumb Code    28  __scatter_zi.o(!!handler_zi)
    _printf_d                                0x0800034d   Thumb Code     0  _printf_d.o(.ARM.Collect$$_printf_percent$$00000009)
    _printf_percent                          0x0800034d   Thumb Code     0  _printf_percent.o(.ARM.Collect$$_printf_percent$$00000000)
    _printf_percent_end                      0x08000353   Thumb Code     0  _printf_percent_end.o(.ARM.Collect$$_printf_percent$$00000017)
    __rt_lib_init                            0x08000357   Thumb Code     0  libinit.o(.ARM.Collect$$libinit$$00000000)
    __rt_lib_init_fp_1                       0x08000359   Thumb Code     0  libinit2.o(.ARM.Collect$$libinit$$00000001)
    __rt_lib_init_alloca_1                   0x0800035d   Thumb Code     0  libinit2.o(.ARM.Collect$$libinit$$0000002E)
    __rt_lib_init_argv_1                     0x0800035d   Thumb Code     0  libinit2.o(.ARM.Collect$$libinit$$0000002C)
    __rt_lib_init_atexit_1                   0x0800035d   Thumb Code     0  libinit2.o(.ARM.Collect$$libinit$$0000001B)
    __rt_lib_init_clock_1                    0x0800035d   Thumb Code     0  libinit2.o(.ARM.Collect$$libinit$$00000021)
    __rt_lib_init_cpp_1                      0x0800035d   Thumb Code     0  libinit2.o(.ARM.Collect$$libinit$$00000032)
    __rt_lib_init_exceptions_1               0x0800035d   Thumb Code     0  libinit2.o(.ARM.Collect$$libinit$$00000030)
    __rt_lib_init_fp_trap_1                  0x0800035d   Thumb Code     0  libinit2.o(.ARM.Collect$$libinit$$0000001F)
    __rt_lib_init_getenv_1                   0x0800035d   Thumb Code     0  libinit2.o(.ARM.Collect$$libinit$$00000023)
    __rt_lib_init_heap_1                     0x0800035d   Thumb Code     0  libinit2.o(.ARM.Collect$$libinit$$0000000A)
    __rt_lib_init_lc_collate_1               0x0800035d   Thumb Code     0  libinit2.o(.ARM.Collect$$libinit$$00000011)
    __rt_lib_init_lc_ctype_1                 0x0800035d   Thumb Code     0  libinit2.o(.ARM.Collect$$libinit$$00000013)
    __rt_lib_init_lc_monetary_1              0x0800035d   Thumb Code     0  libinit2.o(.ARM.Collect$$libinit$$00000015)
    __rt_lib_init_lc_numeric_1               0x0800035d   Thumb Code     0  libinit2.o(.ARM.Collect$$libinit$$00000017)
    __rt_lib_init_lc_time_1                  0x0800035d   Thumb Code     0  libinit2.o(.ARM.Collect$$libinit$$00000019)
    __rt_lib_init_preinit_1                  0x0800035d   Thumb Code     0  libinit2.o(.ARM.Collect$$libinit$$00000004)
    __rt_lib_init_rand_1                     0x0800035d   Thumb Code     0  libinit2.o(.ARM.Collect$$libinit$$0000000E)
    __rt_lib_init_return                     0x0800035d   Thumb Code     0  libinit2.o(.ARM.Collect$$libinit$$00000033)
    __rt_lib_init_signal_1                   0x0800035d   Thumb Code     0  libinit2.o(.ARM.Collect$$libinit$$0000001D)
    __rt_lib_init_stdio_1                    0x0800035d   Thumb Code     0  libinit2.o(.ARM.Collect$$libinit$$00000025)
    __rt_lib_init_user_alloc_1               0x0800035d   Thumb Code     0  libinit2.o(.ARM.Collect$$libinit$$0000000C)
    __rt_lib_shutdown                        0x0800035f   Thumb Code     0  libshutdown.o(.ARM.Collect$$libshutdown$$00000000)
    __rt_lib_shutdown_fp_trap_1              0x08000361   Thumb Code     0  libshutdown2.o(.ARM.Collect$$libshutdown$$00000006)
    __rt_lib_shutdown_heap_1                 0x08000361   Thumb Code     0  libshutdown2.o(.ARM.Collect$$libshutdown$$0000000E)
    __rt_lib_shutdown_return                 0x08000361   Thumb Code     0  libshutdown2.o(.ARM.Collect$$libshutdown$$0000000F)
    __rt_lib_shutdown_signal_1               0x08000361   Thumb Code     0  libshutdown2.o(.ARM.Collect$$libshutdown$$00000009)
    __rt_lib_shutdown_stdio_1                0x08000361   Thumb Code     0  libshutdown2.o(.ARM.Collect$$libshutdown$$00000003)
    __rt_lib_shutdown_user_alloc_1           0x08000361   Thumb Code     0  libshutdown2.o(.ARM.Collect$$libshutdown$$0000000B)
    __rt_entry                               0x08000363   Thumb Code     0  __rtentry.o(.ARM.Collect$$rtentry$$00000000)
    __rt_entry_presh_1                       0x08000363   Thumb Code     0  __rtentry2.o(.ARM.Collect$$rtentry$$00000002)
    __rt_entry_sh                            0x08000363   Thumb Code     0  __rtentry4.o(.ARM.Collect$$rtentry$$00000004)
    __rt_entry_li                            0x08000369   Thumb Code     0  __rtentry2.o(.ARM.Collect$$rtentry$$0000000A)
    __rt_entry_postsh_1                      0x08000369   Thumb Code     0  __rtentry2.o(.ARM.Collect$$rtentry$$00000009)
    __rt_entry_main                          0x0800036d   Thumb Code     0  __rtentry2.o(.ARM.Collect$$rtentry$$0000000D)
    __rt_entry_postli_1                      0x0800036d   Thumb Code     0  __rtentry2.o(.ARM.Collect$$rtentry$$0000000C)
    __rt_exit                                0x08000375   Thumb Code     0  rtexit.o(.ARM.Collect$$rtexit$$00000000)
    __rt_exit_ls                             0x08000377   Thumb Code     0  rtexit2.o(.ARM.Collect$$rtexit$$00000003)
    __rt_exit_prels_1                        0x08000377   Thumb Code     0  rtexit2.o(.ARM.Collect$$rtexit$$00000002)
    __rt_exit_exit                           0x0800037b   Thumb Code     0  rtexit2.o(.ARM.Collect$$rtexit$$00000004)
    Reset_Handler                            0x08000381   Thumb Code     8  startup_stm32h743xx.o(.text)
    ADC3_IRQHandler                          0x0800039b   Thumb Code     0  startup_stm32h743xx.o(.text)
    ADC_IRQHandler                           0x0800039b   Thumb Code     0  startup_stm32h743xx.o(.text)
    BDMA_Channel0_IRQHandler                 0x0800039b   Thumb Code     0  startup_stm32h743xx.o(.text)
    BDMA_Channel1_IRQHandler                 0x0800039b   Thumb Code     0  startup_stm32h743xx.o(.text)
    BDMA_Channel2_IRQHandler                 0x0800039b   Thumb Code     0  startup_stm32h743xx.o(.text)
    BDMA_Channel3_IRQHandler                 0x0800039b   Thumb Code     0  startup_stm32h743xx.o(.text)
    BDMA_Channel4_IRQHandler                 0x0800039b   Thumb Code     0  startup_stm32h743xx.o(.text)
    BDMA_Channel5_IRQHandler                 0x0800039b   Thumb Code     0  startup_stm32h743xx.o(.text)
    BDMA_Channel6_IRQHandler                 0x0800039b   Thumb Code     0  startup_stm32h743xx.o(.text)
    BDMA_Channel7_IRQHandler                 0x0800039b   Thumb Code     0  startup_stm32h743xx.o(.text)
    CEC_IRQHandler                           0x0800039b   Thumb Code     0  startup_stm32h743xx.o(.text)
    COMP1_IRQHandler                         0x0800039b   Thumb Code     0  startup_stm32h743xx.o(.text)
    CRS_IRQHandler                           0x0800039b   Thumb Code     0  startup_stm32h743xx.o(.text)
    DCMI_IRQHandler                          0x0800039b   Thumb Code     0  startup_stm32h743xx.o(.text)
    DFSDM1_FLT0_IRQHandler                   0x0800039b   Thumb Code     0  startup_stm32h743xx.o(.text)
    DFSDM1_FLT1_IRQHandler                   0x0800039b   Thumb Code     0  startup_stm32h743xx.o(.text)
    DFSDM1_FLT2_IRQHandler                   0x0800039b   Thumb Code     0  startup_stm32h743xx.o(.text)
    DFSDM1_FLT3_IRQHandler                   0x0800039b   Thumb Code     0  startup_stm32h743xx.o(.text)
    DMA1_Stream0_IRQHandler                  0x0800039b   Thumb Code     0  startup_stm32h743xx.o(.text)
    DMA1_Stream5_IRQHandler                  0x0800039b   Thumb Code     0  startup_stm32h743xx.o(.text)
    DMA1_Stream6_IRQHandler                  0x0800039b   Thumb Code     0  startup_stm32h743xx.o(.text)
    DMA1_Stream7_IRQHandler                  0x0800039b   Thumb Code     0  startup_stm32h743xx.o(.text)
    DMA2D_IRQHandler                         0x0800039b   Thumb Code     0  startup_stm32h743xx.o(.text)
    DMA2_Stream0_IRQHandler                  0x0800039b   Thumb Code     0  startup_stm32h743xx.o(.text)
    DMA2_Stream1_IRQHandler                  0x0800039b   Thumb Code     0  startup_stm32h743xx.o(.text)
    DMA2_Stream2_IRQHandler                  0x0800039b   Thumb Code     0  startup_stm32h743xx.o(.text)
    DMA2_Stream3_IRQHandler                  0x0800039b   Thumb Code     0  startup_stm32h743xx.o(.text)
    DMA2_Stream4_IRQHandler                  0x0800039b   Thumb Code     0  startup_stm32h743xx.o(.text)
    DMA2_Stream5_IRQHandler                  0x0800039b   Thumb Code     0  startup_stm32h743xx.o(.text)
    DMA2_Stream6_IRQHandler                  0x0800039b   Thumb Code     0  startup_stm32h743xx.o(.text)
    DMA2_Stream7_IRQHandler                  0x0800039b   Thumb Code     0  startup_stm32h743xx.o(.text)
    DMAMUX1_OVR_IRQHandler                   0x0800039b   Thumb Code     0  startup_stm32h743xx.o(.text)
    DMAMUX2_OVR_IRQHandler                   0x0800039b   Thumb Code     0  startup_stm32h743xx.o(.text)
    ETH_IRQHandler                           0x0800039b   Thumb Code     0  startup_stm32h743xx.o(.text)
    ETH_WKUP_IRQHandler                      0x0800039b   Thumb Code     0  startup_stm32h743xx.o(.text)
    EXTI0_IRQHandler                         0x0800039b   Thumb Code     0  startup_stm32h743xx.o(.text)
    EXTI15_10_IRQHandler                     0x0800039b   Thumb Code     0  startup_stm32h743xx.o(.text)
    EXTI1_IRQHandler                         0x0800039b   Thumb Code     0  startup_stm32h743xx.o(.text)
    EXTI2_IRQHandler                         0x0800039b   Thumb Code     0  startup_stm32h743xx.o(.text)
    EXTI3_IRQHandler                         0x0800039b   Thumb Code     0  startup_stm32h743xx.o(.text)
    EXTI4_IRQHandler                         0x0800039b   Thumb Code     0  startup_stm32h743xx.o(.text)
    EXTI9_5_IRQHandler                       0x0800039b   Thumb Code     0  startup_stm32h743xx.o(.text)
    FDCAN1_IT0_IRQHandler                    0x0800039b   Thumb Code     0  startup_stm32h743xx.o(.text)
    FDCAN1_IT1_IRQHandler                    0x0800039b   Thumb Code     0  startup_stm32h743xx.o(.text)
    FDCAN2_IT0_IRQHandler                    0x0800039b   Thumb Code     0  startup_stm32h743xx.o(.text)
    FDCAN2_IT1_IRQHandler                    0x0800039b   Thumb Code     0  startup_stm32h743xx.o(.text)
    FDCAN_CAL_IRQHandler                     0x0800039b   Thumb Code     0  startup_stm32h743xx.o(.text)
    FLASH_IRQHandler                         0x0800039b   Thumb Code     0  startup_stm32h743xx.o(.text)
    FMC_IRQHandler                           0x0800039b   Thumb Code     0  startup_stm32h743xx.o(.text)
    FPU_IRQHandler                           0x0800039b   Thumb Code     0  startup_stm32h743xx.o(.text)
    HRTIM1_FLT_IRQHandler                    0x0800039b   Thumb Code     0  startup_stm32h743xx.o(.text)
    HRTIM1_Master_IRQHandler                 0x0800039b   Thumb Code     0  startup_stm32h743xx.o(.text)
    HRTIM1_TIMA_IRQHandler                   0x0800039b   Thumb Code     0  startup_stm32h743xx.o(.text)
    HRTIM1_TIMB_IRQHandler                   0x0800039b   Thumb Code     0  startup_stm32h743xx.o(.text)
    HRTIM1_TIMC_IRQHandler                   0x0800039b   Thumb Code     0  startup_stm32h743xx.o(.text)
    HRTIM1_TIMD_IRQHandler                   0x0800039b   Thumb Code     0  startup_stm32h743xx.o(.text)
    HRTIM1_TIME_IRQHandler                   0x0800039b   Thumb Code     0  startup_stm32h743xx.o(.text)
    HSEM1_IRQHandler                         0x0800039b   Thumb Code     0  startup_stm32h743xx.o(.text)
    I2C1_ER_IRQHandler                       0x0800039b   Thumb Code     0  startup_stm32h743xx.o(.text)
    I2C1_EV_IRQHandler                       0x0800039b   Thumb Code     0  startup_stm32h743xx.o(.text)
    I2C2_ER_IRQHandler                       0x0800039b   Thumb Code     0  startup_stm32h743xx.o(.text)
    I2C2_EV_IRQHandler                       0x0800039b   Thumb Code     0  startup_stm32h743xx.o(.text)
    I2C3_ER_IRQHandler                       0x0800039b   Thumb Code     0  startup_stm32h743xx.o(.text)
    I2C3_EV_IRQHandler                       0x0800039b   Thumb Code     0  startup_stm32h743xx.o(.text)
    I2C4_ER_IRQHandler                       0x0800039b   Thumb Code     0  startup_stm32h743xx.o(.text)
    I2C4_EV_IRQHandler                       0x0800039b   Thumb Code     0  startup_stm32h743xx.o(.text)
    JPEG_IRQHandler                          0x0800039b   Thumb Code     0  startup_stm32h743xx.o(.text)
    LPTIM1_IRQHandler                        0x0800039b   Thumb Code     0  startup_stm32h743xx.o(.text)
    LPTIM2_IRQHandler                        0x0800039b   Thumb Code     0  startup_stm32h743xx.o(.text)
    LPTIM3_IRQHandler                        0x0800039b   Thumb Code     0  startup_stm32h743xx.o(.text)
    LPTIM4_IRQHandler                        0x0800039b   Thumb Code     0  startup_stm32h743xx.o(.text)
    LPTIM5_IRQHandler                        0x0800039b   Thumb Code     0  startup_stm32h743xx.o(.text)
    LPUART1_IRQHandler                       0x0800039b   Thumb Code     0  startup_stm32h743xx.o(.text)
    LTDC_ER_IRQHandler                       0x0800039b   Thumb Code     0  startup_stm32h743xx.o(.text)
    LTDC_IRQHandler                          0x0800039b   Thumb Code     0  startup_stm32h743xx.o(.text)
    MDIOS_IRQHandler                         0x0800039b   Thumb Code     0  startup_stm32h743xx.o(.text)
    MDIOS_WKUP_IRQHandler                    0x0800039b   Thumb Code     0  startup_stm32h743xx.o(.text)
    MDMA_IRQHandler                          0x0800039b   Thumb Code     0  startup_stm32h743xx.o(.text)
    OTG_FS_EP1_IN_IRQHandler                 0x0800039b   Thumb Code     0  startup_stm32h743xx.o(.text)
    OTG_FS_EP1_OUT_IRQHandler                0x0800039b   Thumb Code     0  startup_stm32h743xx.o(.text)
    OTG_FS_IRQHandler                        0x0800039b   Thumb Code     0  startup_stm32h743xx.o(.text)
    OTG_FS_WKUP_IRQHandler                   0x0800039b   Thumb Code     0  startup_stm32h743xx.o(.text)
    OTG_HS_EP1_IN_IRQHandler                 0x0800039b   Thumb Code     0  startup_stm32h743xx.o(.text)
    OTG_HS_EP1_OUT_IRQHandler                0x0800039b   Thumb Code     0  startup_stm32h743xx.o(.text)
    OTG_HS_IRQHandler                        0x0800039b   Thumb Code     0  startup_stm32h743xx.o(.text)
    OTG_HS_WKUP_IRQHandler                   0x0800039b   Thumb Code     0  startup_stm32h743xx.o(.text)
    PVD_AVD_IRQHandler                       0x0800039b   Thumb Code     0  startup_stm32h743xx.o(.text)
    QUADSPI_IRQHandler                       0x0800039b   Thumb Code     0  startup_stm32h743xx.o(.text)
    RCC_IRQHandler                           0x0800039b   Thumb Code     0  startup_stm32h743xx.o(.text)
    RNG_IRQHandler                           0x0800039b   Thumb Code     0  startup_stm32h743xx.o(.text)
    RTC_Alarm_IRQHandler                     0x0800039b   Thumb Code     0  startup_stm32h743xx.o(.text)
    RTC_WKUP_IRQHandler                      0x0800039b   Thumb Code     0  startup_stm32h743xx.o(.text)
    SAI1_IRQHandler                          0x0800039b   Thumb Code     0  startup_stm32h743xx.o(.text)
    SAI2_IRQHandler                          0x0800039b   Thumb Code     0  startup_stm32h743xx.o(.text)
    SAI3_IRQHandler                          0x0800039b   Thumb Code     0  startup_stm32h743xx.o(.text)
    SAI4_IRQHandler                          0x0800039b   Thumb Code     0  startup_stm32h743xx.o(.text)
    SDMMC1_IRQHandler                        0x0800039b   Thumb Code     0  startup_stm32h743xx.o(.text)
    SDMMC2_IRQHandler                        0x0800039b   Thumb Code     0  startup_stm32h743xx.o(.text)
    SPDIF_RX_IRQHandler                      0x0800039b   Thumb Code     0  startup_stm32h743xx.o(.text)
    SPI1_IRQHandler                          0x0800039b   Thumb Code     0  startup_stm32h743xx.o(.text)
    SPI2_IRQHandler                          0x0800039b   Thumb Code     0  startup_stm32h743xx.o(.text)
    SPI3_IRQHandler                          0x0800039b   Thumb Code     0  startup_stm32h743xx.o(.text)
    SPI4_IRQHandler                          0x0800039b   Thumb Code     0  startup_stm32h743xx.o(.text)
    SPI5_IRQHandler                          0x0800039b   Thumb Code     0  startup_stm32h743xx.o(.text)
    SPI6_IRQHandler                          0x0800039b   Thumb Code     0  startup_stm32h743xx.o(.text)
    SWPMI1_IRQHandler                        0x0800039b   Thumb Code     0  startup_stm32h743xx.o(.text)
    TAMP_STAMP_IRQHandler                    0x0800039b   Thumb Code     0  startup_stm32h743xx.o(.text)
    TIM15_IRQHandler                         0x0800039b   Thumb Code     0  startup_stm32h743xx.o(.text)
    TIM16_IRQHandler                         0x0800039b   Thumb Code     0  startup_stm32h743xx.o(.text)
    TIM17_IRQHandler                         0x0800039b   Thumb Code     0  startup_stm32h743xx.o(.text)
    TIM1_BRK_IRQHandler                      0x0800039b   Thumb Code     0  startup_stm32h743xx.o(.text)
    TIM1_CC_IRQHandler                       0x0800039b   Thumb Code     0  startup_stm32h743xx.o(.text)
    TIM1_TRG_COM_IRQHandler                  0x0800039b   Thumb Code     0  startup_stm32h743xx.o(.text)
    TIM1_UP_IRQHandler                       0x0800039b   Thumb Code     0  startup_stm32h743xx.o(.text)
    TIM4_IRQHandler                          0x0800039b   Thumb Code     0  startup_stm32h743xx.o(.text)
    TIM5_IRQHandler                          0x0800039b   Thumb Code     0  startup_stm32h743xx.o(.text)
    TIM6_DAC_IRQHandler                      0x0800039b   Thumb Code     0  startup_stm32h743xx.o(.text)
    TIM7_IRQHandler                          0x0800039b   Thumb Code     0  startup_stm32h743xx.o(.text)
    TIM8_BRK_TIM12_IRQHandler                0x0800039b   Thumb Code     0  startup_stm32h743xx.o(.text)
    TIM8_CC_IRQHandler                       0x0800039b   Thumb Code     0  startup_stm32h743xx.o(.text)
    TIM8_TRG_COM_TIM14_IRQHandler            0x0800039b   Thumb Code     0  startup_stm32h743xx.o(.text)
    TIM8_UP_TIM13_IRQHandler                 0x0800039b   Thumb Code     0  startup_stm32h743xx.o(.text)
    UART5_IRQHandler                         0x0800039b   Thumb Code     0  startup_stm32h743xx.o(.text)
    UART7_IRQHandler                         0x0800039b   Thumb Code     0  startup_stm32h743xx.o(.text)
    UART8_IRQHandler                         0x0800039b   Thumb Code     0  startup_stm32h743xx.o(.text)
    USART2_IRQHandler                        0x0800039b   Thumb Code     0  startup_stm32h743xx.o(.text)
    USART6_IRQHandler                        0x0800039b   Thumb Code     0  startup_stm32h743xx.o(.text)
    WAKEUP_PIN_IRQHandler                    0x0800039b   Thumb Code     0  startup_stm32h743xx.o(.text)
    WWDG_IRQHandler                          0x0800039b   Thumb Code     0  startup_stm32h743xx.o(.text)
    __user_initial_stackheap                 0x0800039d   Thumb Code     0  startup_stm32h743xx.o(.text)
    __aeabi_uldivmod                         0x080003c1   Thumb Code     0  lludivv7m.o(.text)
    _ll_udiv                                 0x080003c1   Thumb Code   238  lludivv7m.o(.text)
    __2printf                                0x080004b1   Thumb Code    20  noretval__2printf.o(.text)
    __printf                                 0x080004c9   Thumb Code   104  __printf.o(.text)
    _printf_int_dec                          0x08000531   Thumb Code   104  _printf_dec.o(.text)
    strstr                                   0x080005a9   Thumb Code    36  strstr.o(.text)
    __aeabi_memcpy                           0x080005cd   Thumb Code     0  rt_memcpy_v6.o(.text)
    __rt_memcpy                              0x080005cd   Thumb Code   138  rt_memcpy_v6.o(.text)
    _memcpy_lastbytes                        0x08000633   Thumb Code     0  rt_memcpy_v6.o(.text)
    __aeabi_memcpy4                          0x08000657   Thumb Code     0  rt_memcpy_w.o(.text)
    __aeabi_memcpy8                          0x08000657   Thumb Code     0  rt_memcpy_w.o(.text)
    __rt_memcpy_w                            0x08000657   Thumb Code   100  rt_memcpy_w.o(.text)
    _memcpy_lastbytes_aligned                0x0800069f   Thumb Code     0  rt_memcpy_w.o(.text)
    __use_two_region_memory                  0x080006bb   Thumb Code     2  heapauxi.o(.text)
    __rt_heap_escrow$2region                 0x080006bd   Thumb Code     2  heapauxi.o(.text)
    __rt_heap_expand$2region                 0x080006bf   Thumb Code     2  heapauxi.o(.text)
    __read_errno                             0x080006c1   Thumb Code    10  _rserrno.o(.text)
    __set_errno                              0x080006cb   Thumb Code    12  _rserrno.o(.text)
    _printf_int_common                       0x080006d7   Thumb Code   178  _printf_intcommon.o(.text)
    _printf_char_file                        0x08000789   Thumb Code    32  _printf_char_file.o(.text)
    __aeabi_errno_addr                       0x080007ad   Thumb Code     8  rt_errno_addr_intlibspace.o(.text)
    __errno$intlibspace                      0x080007ad   Thumb Code     0  rt_errno_addr_intlibspace.o(.text)
    __rt_errno_addr$intlibspace              0x080007ad   Thumb Code     0  rt_errno_addr_intlibspace.o(.text)
    _printf_char_common                      0x080007bf   Thumb Code    32  _printf_char_common.o(.text)
    ferror                                   0x080007e5   Thumb Code     8  ferror.o(.text)
    __user_libspace                          0x080007ed   Thumb Code     8  libspace.o(.text)
    __user_perproc_libspace                  0x080007ed   Thumb Code     0  libspace.o(.text)
    __user_perthread_libspace                0x080007ed   Thumb Code     0  libspace.o(.text)
    __user_setup_stackheap                   0x080007f5   Thumb Code    74  sys_stackheap_outer.o(.text)
    exit                                     0x0800083f   Thumb Code    12  exit.o(.text)
    AttitudeControl                          0x0800084d   Thumb Code  2092  attitudecontrol.o(i.AttitudeControl)
    AttitudeFilter                           0x080010d5   Thumb Code  1472  attitude.o(i.AttitudeFilter)
    BusFault_Handler                         0x080016ad   Thumb Code     4  stm32h7xx_it.o(i.BusFault_Handler)
    Cache_Enable                             0x080016b1   Thumb Code    24  sys.o(i.Cache_Enable)
    DMA1_Stream1_IRQHandler                  0x080016cd   Thumb Code    10  dma.o(i.DMA1_Stream1_IRQHandler)
    DMA1_Stream2_IRQHandler                  0x080016dd   Thumb Code    10  dma.o(i.DMA1_Stream2_IRQHandler)
    DMA1_Stream3_IRQHandler                  0x080016ed   Thumb Code    10  dma.o(i.DMA1_Stream3_IRQHandler)
    DMA1_Stream4_IRQHandler                  0x080016fd   Thumb Code    10  dma.o(i.DMA1_Stream4_IRQHandler)
    DebugMon_Handler                         0x0800196d   Thumb Code     2  stm32h7xx_it.o(i.DebugMon_Handler)
    GPS_Analysis                             0x0800196f   Thumb Code    48  gps.o(i.GPS_Analysis)
    Get_HMC5983                              0x0800199f   Thumb Code    72  hmc5983.o(i.Get_HMC5983)
    Gps_Recieve                              0x080019e9   Thumb Code   108  gps.o(i.Gps_Recieve)
    HAL_DMA_Abort                            0x08001a71   Thumb Code   314  stm32h7xx_hal_dma.o(i.HAL_DMA_Abort)
    HAL_DMA_Abort_IT                         0x08001bb9   Thumb Code   236  stm32h7xx_hal_dma.o(i.HAL_DMA_Abort_IT)
    HAL_DMA_DeInit                           0x08001cb1   Thumb Code   276  stm32h7xx_hal_dma.o(i.HAL_DMA_DeInit)
    HAL_DMA_GetError                         0x08001dd1   Thumb Code     6  stm32h7xx_hal_dma.o(i.HAL_DMA_GetError)
    HAL_DMA_IRQHandler                       0x08001dd9   Thumb Code  1094  stm32h7xx_hal_dma.o(i.HAL_DMA_IRQHandler)
    HAL_DMA_Init                             0x08002225   Thumb Code   512  stm32h7xx_hal_dma.o(i.HAL_DMA_Init)
    HAL_DMA_Start_IT                         0x08002435   Thumb Code   328  stm32h7xx_hal_dma.o(i.HAL_DMA_Start_IT)
    HAL_EnableCompensationCell               0x08002585   Thumb Code    14  stm32h7xx_hal.o(i.HAL_EnableCompensationCell)
    HAL_GPIO_Init                            0x08002599   Thumb Code   534  stm32h7xx_hal_gpio.o(i.HAL_GPIO_Init)
    HAL_GPIO_ReadPin                         0x080027e5   Thumb Code    16  stm32h7xx_hal_gpio.o(i.HAL_GPIO_ReadPin)
    HAL_GPIO_WritePin                        0x080027f5   Thumb Code    10  stm32h7xx_hal_gpio.o(i.HAL_GPIO_WritePin)
    HAL_GetTick                              0x08002801   Thumb Code     6  stm32h7xx_hal.o(i.HAL_GetTick)
    HAL_IncTick                              0x0800280d   Thumb Code    16  stm32h7xx_hal.o(i.HAL_IncTick)
    HAL_Init                                 0x08002825   Thumb Code    28  stm32h7xx_hal.o(i.HAL_Init)
    HAL_InitTick                             0x08002841   Thumb Code    64  stm32h7xx_hal.o(i.HAL_InitTick)
    HAL_MspInit                              0x0800288d   Thumb Code     2  stm32h7xx_hal_msp.o(i.HAL_MspInit)
    HAL_NVIC_EnableIRQ                       0x0800288f   Thumb Code    32  stm32h7xx_hal_cortex.o(i.HAL_NVIC_EnableIRQ)
    HAL_NVIC_SetPriority                     0x080028af   Thumb Code   122  stm32h7xx_hal_cortex.o(i.HAL_NVIC_SetPriority)
    HAL_NVIC_SetPriorityGrouping             0x08002929   Thumb Code    32  stm32h7xx_hal_cortex.o(i.HAL_NVIC_SetPriorityGrouping)
    HAL_RCCEx_GetD1SysClockFreq              0x08002951   Thumb Code    44  stm32h7xx_hal_rcc_ex.o(i.HAL_RCCEx_GetD1SysClockFreq)
    HAL_RCCEx_GetD3PCLK1Freq                 0x08002989   Thumb Code    34  stm32h7xx_hal_rcc_ex.o(i.HAL_RCCEx_GetD3PCLK1Freq)
    HAL_RCCEx_GetPLL2ClockFreq               0x080029b5   Thumb Code   532  stm32h7xx_hal_rcc_ex.o(i.HAL_RCCEx_GetPLL2ClockFreq)
    HAL_RCCEx_GetPLL3ClockFreq               0x08002be1   Thumb Code   532  stm32h7xx_hal_rcc_ex.o(i.HAL_RCCEx_GetPLL3ClockFreq)
    HAL_RCCEx_PeriphCLKConfig                0x08002e0d   Thumb Code  2868  stm32h7xx_hal_rcc_ex.o(i.HAL_RCCEx_PeriphCLKConfig)
    HAL_RCC_ClockConfig                      0x08003945   Thumb Code   574  stm32h7xx_hal_rcc.o(i.HAL_RCC_ClockConfig)
    HAL_RCC_GetHCLKFreq                      0x08003b95   Thumb Code    42  stm32h7xx_hal_rcc.o(i.HAL_RCC_GetHCLKFreq)
    HAL_RCC_GetPCLK1Freq                     0x08003bcd   Thumb Code    34  stm32h7xx_hal_rcc.o(i.HAL_RCC_GetPCLK1Freq)
    HAL_RCC_GetPCLK2Freq                     0x08003bf9   Thumb Code    36  stm32h7xx_hal_rcc.o(i.HAL_RCC_GetPCLK2Freq)
    HAL_RCC_GetSysClockFreq                  0x08003c25   Thumb Code   556  stm32h7xx_hal_rcc.o(i.HAL_RCC_GetSysClockFreq)
    HAL_RCC_OscConfig                        0x08003e69   Thumb Code  1724  stm32h7xx_hal_rcc.o(i.HAL_RCC_OscConfig)
    HAL_SPI_Init                             0x0800452d   Thumb Code   598  stm32h7xx_hal_spi.o(i.HAL_SPI_Init)
    HAL_SPI_MspInit                          0x08004791   Thumb Code   116  spi.o(i.HAL_SPI_MspInit)
    HAL_SPI_TransmitReceive                  0x0800480d   Thumb Code   988  stm32h7xx_hal_spi.o(i.HAL_SPI_TransmitReceive)
    HAL_SYSTICK_CLKSourceConfig              0x08004be9   Thumb Code    40  stm32h7xx_hal_cortex.o(i.HAL_SYSTICK_CLKSourceConfig)
    HAL_SYSTICK_Config                       0x08004c11   Thumb Code    52  stm32h7xx_hal_cortex.o(i.HAL_SYSTICK_Config)
    HAL_TIMEx_BreakCallback                  0x08004c45   Thumb Code     2  stm32h7xx_hal_tim_ex.o(i.HAL_TIMEx_BreakCallback)
    HAL_TIMEx_CommutationCallback            0x08004c47   Thumb Code     2  stm32h7xx_hal_tim_ex.o(i.HAL_TIMEx_CommutationCallback)
    HAL_TIM_Base_Init                        0x08004c49   Thumb Code    52  stm32h7xx_hal_tim.o(i.HAL_TIM_Base_Init)
    HAL_TIM_Base_MspInit                     0x08004c7d   Thumb Code    58  timer.o(i.HAL_TIM_Base_MspInit)
    HAL_TIM_Base_Start_IT                    0x08004cc1   Thumb Code    30  stm32h7xx_hal_tim.o(i.HAL_TIM_Base_Start_IT)
    HAL_TIM_IC_CaptureCallback               0x08004cdf   Thumb Code     2  stm32h7xx_hal_tim.o(i.HAL_TIM_IC_CaptureCallback)
    HAL_TIM_IRQHandler                       0x08004ce1   Thumb Code   440  stm32h7xx_hal_tim.o(i.HAL_TIM_IRQHandler)
    HAL_TIM_OC_DelayElapsedCallback          0x08004e99   Thumb Code     2  stm32h7xx_hal_tim.o(i.HAL_TIM_OC_DelayElapsedCallback)
    HAL_TIM_PWM_ConfigChannel                0x08004e9b   Thumb Code   372  stm32h7xx_hal_tim.o(i.HAL_TIM_PWM_ConfigChannel)
    HAL_TIM_PWM_Init                         0x0800500f   Thumb Code    52  stm32h7xx_hal_tim.o(i.HAL_TIM_PWM_Init)
    HAL_TIM_PWM_MspInit                      0x08005045   Thumb Code   134  servo.o(i.HAL_TIM_PWM_MspInit)
    HAL_TIM_PWM_PulseFinishedCallback        0x080050d5   Thumb Code     2  stm32h7xx_hal_tim.o(i.HAL_TIM_PWM_PulseFinishedCallback)
    HAL_TIM_PWM_Start                        0x080050d9   Thumb Code    92  stm32h7xx_hal_tim.o(i.HAL_TIM_PWM_Start)
    HAL_TIM_PeriodElapsedCallback            0x08005149   Thumb Code    22  timer.o(i.HAL_TIM_PeriodElapsedCallback)
    HAL_TIM_TriggerCallback                  0x08005169   Thumb Code     2  stm32h7xx_hal_tim.o(i.HAL_TIM_TriggerCallback)
    HAL_UARTEx_WakeupCallback                0x0800516b   Thumb Code     2  stm32h7xx_hal_uart_ex.o(i.HAL_UARTEx_WakeupCallback)
    HAL_UART_DMAStop                         0x0800516d   Thumb Code   100  stm32h7xx_hal_uart.o(i.HAL_UART_DMAStop)
    HAL_UART_ErrorCallback                   0x080051d1   Thumb Code     2  stm32h7xx_hal_uart.o(i.HAL_UART_ErrorCallback)
    HAL_UART_GetState                        0x080051d3   Thumb Code    20  stm32h7xx_hal_uart.o(i.HAL_UART_GetState)
    HAL_UART_IRQHandler                      0x080051e9   Thumb Code   434  stm32h7xx_hal_uart.o(i.HAL_UART_IRQHandler)
    HAL_UART_Init                            0x080053a5   Thumb Code   120  stm32h7xx_hal_uart.o(i.HAL_UART_Init)
    HAL_UART_MspInit                         0x0800541d   Thumb Code   398  usart.o(i.HAL_UART_MspInit)
    HAL_UART_Receive_DMA                     0x080055c5   Thumb Code   156  stm32h7xx_hal_uart.o(i.HAL_UART_Receive_DMA)
    HAL_UART_RxCpltCallback                  0x0800566d   Thumb Code     2  usart.o(i.HAL_UART_RxCpltCallback)
    HAL_UART_RxHalfCpltCallback              0x0800566f   Thumb Code     2  stm32h7xx_hal_uart.o(i.HAL_UART_RxHalfCpltCallback)
    HAL_UART_TxCpltCallback                  0x08005671   Thumb Code     2  stm32h7xx_hal_uart.o(i.HAL_UART_TxCpltCallback)
    HardFault_Handler                        0x08005673   Thumb Code     4  stm32h7xx_it.o(i.HardFault_Handler)
    IIC_Ack                                  0x08005679   Thumb Code    78  iic.o(i.IIC_Ack)
    IIC_Init                                 0x080056cd   Thumb Code    78  iic.o(i.IIC_Init)
    IIC_NAck                                 0x08005725   Thumb Code    78  iic.o(i.IIC_NAck)
    IIC_Read_Byte                            0x08005779   Thumb Code   102  iic.o(i.IIC_Read_Byte)
    IIC_Send_Byte                            0x080057e5   Thumb Code   118  iic.o(i.IIC_Send_Byte)
    IIC_Start                                0x08005861   Thumb Code    78  iic.o(i.IIC_Start)
    IIC_Stop                                 0x080058b5   Thumb Code    78  iic.o(i.IIC_Stop)
    IIC_Wait_Ack                             0x08005909   Thumb Code    98  iic.o(i.IIC_Wait_Ack)
    MPU9250_Init                             0x08005971   Thumb Code   196  mpu9250.o(i.MPU9250_Init)
    MPU_Get_Accelerometer                    0x08005a35   Thumb Code    80  mpu9250.o(i.MPU_Get_Accelerometer)
    MPU_Get_Gyroscope                        0x08005a85   Thumb Code    80  mpu9250.o(i.MPU_Get_Gyroscope)
    MPU_Read_Byte                            0x08005ad5   Thumb Code    72  mpu9250.o(i.MPU_Read_Byte)
    MPU_Read_Len                             0x08005b1d   Thumb Code   116  mpu9250.o(i.MPU_Read_Len)
    MPU_Set_Accel_Fsr                        0x08005b91   Thumb Code    18  mpu9250.o(i.MPU_Set_Accel_Fsr)
    MPU_Set_Gyro_Fsr                         0x08005ba3   Thumb Code    22  mpu9250.o(i.MPU_Set_Gyro_Fsr)
    MPU_Set_LPF                              0x08005bb9   Thumb Code    60  mpu9250.o(i.MPU_Set_LPF)
    MPU_Set_Rate                             0x08005bf5   Thumb Code    60  mpu9250.o(i.MPU_Set_Rate)
    MPU_Write_Byte                           0x08005c31   Thumb Code    76  mpu9250.o(i.MPU_Write_Byte)
    MYDMA_Config                             0x08005c7d   Thumb Code   418  dma.o(i.MYDMA_Config)
    MemManage_Handler                        0x08005e41   Thumb Code     4  stm32h7xx_it.o(i.MemManage_Handler)
    Motor_PWMSet                             0x08005e45   Thumb Code    40  powercontrol.o(i.Motor_PWMSet)
    Motor_Set                                0x08005e6d   Thumb Code   522  powercontrol.o(i.Motor_Set)
    NMEA_Comma_Pos                           0x080060b5   Thumb Code    50  gps.o(i.NMEA_Comma_Pos)
    NMEA_GPGGA_Analysis                      0x080060e9   Thumb Code   130  gps.o(i.NMEA_GPGGA_Analysis)
    NMEA_GPGSA_Analysis                      0x08006175   Thumb Code   176  gps.o(i.NMEA_GPGSA_Analysis)
    NMEA_GPGSV_Analysis                      0x0800622d   Thumb Code   290  gps.o(i.NMEA_GPGSV_Analysis)
    NMEA_GPRMC_Analysis                      0x08006359   Thumb Code   622  gps.o(i.NMEA_GPRMC_Analysis)
    NMEA_GPVTG_Analysis                      0x080065d5   Thumb Code    78  gps.o(i.NMEA_GPVTG_Analysis)
    NMEA_Pow                                 0x0800662d   Thumb Code    22  gps.o(i.NMEA_Pow)
    NMEA_Str2num                             0x08006643   Thumb Code   234  gps.o(i.NMEA_Str2num)
    NMI_Handler                              0x0800672d   Thumb Code     2  stm32h7xx_it.o(i.NMI_Handler)
    PendSV_Handler                           0x0800672f   Thumb Code     2  stm32h7xx_it.o(i.PendSV_Handler)
    ProcessSBUS                              0x08006731   Thumb Code   374  sbus.o(i.ProcessSBUS)
    ReadMPU9250                              0x08006b11   Thumb Code  1088  attitude.o(i.ReadMPU9250)
    ReceiveOrder                             0x08006f51   Thumb Code   294  powercontrol.o(i.ReceiveOrder)
    Remoter_Cali                             0x080070d9   Thumb Code   152  sbus.o(i.Remoter_Cali)
    SPI2_Init                                0x0800750d   Thumb Code    94  spi.o(i.SPI2_Init)
    SPI2_ReadWriteByte                       0x08007575   Thumb Code    28  spi.o(i.SPI2_ReadWriteByte)
    SVC_Handler                              0x080076eb   Thumb Code     2  stm32h7xx_it.o(i.SVC_Handler)
    SafeAsin                                 0x080076ed   Thumb Code    50  attitude.o(i.SafeAsin)
    SafeSin                                  0x08007721   Thumb Code    50  attitude.o(i.SafeSin)
    Sbus_Recieve                             0x08007765   Thumb Code   124  sbus.o(i.Sbus_Recieve)
    SensorCalibration                        0x080077f9   Thumb Code   810  attitude.o(i.SensorCalibration)
    Stm32_Clock_Init                         0x08007b6d   Thumb Code   238  sys.o(i.Stm32_Clock_Init)
    SysTick_Handler                          0x08007c65   Thumb Code     8  stm32h7xx_it.o(i.SysTick_Handler)
    SystemInit                               0x08007c6d   Thumb Code   130  system_stm32h7xx.o(i.SystemInit)
    TIM2_IRQHandler                          0x08007d01   Thumb Code    10  servo.o(i.TIM2_IRQHandler)
    TIM2_PWM_Init                            0x08007d11   Thumb Code   176  servo.o(i.TIM2_PWM_Init)
    TIM3_IRQHandler                          0x08007dd5   Thumb Code    10  timer.o(i.TIM3_IRQHandler)
    TIM3_Init                                0x08007de5   Thumb Code    46  timer.o(i.TIM3_Init)
    TIM_Base_SetConfig                       0x08007e1d   Thumb Code   172  stm32h7xx_hal_tim.o(i.TIM_Base_SetConfig)
    TIM_CCxChannelCmd                        0x08007ee9   Thumb Code    28  stm32h7xx_hal_tim.o(i.TIM_CCxChannelCmd)
    TIM_OC1_SetConfig                        0x08007f05   Thumb Code   152  stm32h7xx_hal_tim.o(i.TIM_OC1_SetConfig)
    TIM_OC2_SetConfig                        0x08007fb5   Thumb Code   162  stm32h7xx_hal_tim.o(i.TIM_OC2_SetConfig)
    TIM_OC3_SetConfig                        0x08008071   Thumb Code   160  stm32h7xx_hal_tim.o(i.TIM_OC3_SetConfig)
    TIM_OC4_SetConfig                        0x08008125   Thumb Code    98  stm32h7xx_hal_tim.o(i.TIM_OC4_SetConfig)
    TIM_SetTIM2Compare1                      0x08008281   Thumb Code     8  servo.o(i.TIM_SetTIM2Compare1)
    TIM_SetTIM2Compare2                      0x08008289   Thumb Code     8  servo.o(i.TIM_SetTIM2Compare2)
    TIM_SetTIM2Compare3                      0x08008291   Thumb Code     8  servo.o(i.TIM_SetTIM2Compare3)
    TIM_SetTIM2Compare4                      0x08008299   Thumb Code     8  servo.o(i.TIM_SetTIM2Compare4)
    UART4_IRQHandler                         0x080082a1   Thumb Code    10  usart.o(i.UART4_IRQHandler)
    UART_AdvFeatureConfig                    0x080082b1   Thumb Code   234  stm32h7xx_hal_uart.o(i.UART_AdvFeatureConfig)
    UART_CheckIdleState                      0x0800839b   Thumb Code   116  stm32h7xx_hal_uart.o(i.UART_CheckIdleState)
    UART_SetConfig                           0x080085b5   Thumb Code  2452  stm32h7xx_hal_uart.o(i.UART_SetConfig)
    UART_WaitOnFlagUntilTimeout              0x08008fdb   Thumb Code   108  stm32h7xx_hal_uart.o(i.UART_WaitOnFlagUntilTimeout)
    USART1_IRQHandler                        0x08009049   Thumb Code    38  usart.o(i.USART1_IRQHandler)
    USART3_IRQHandler                        0x08009079   Thumb Code    10  usart.o(i.USART3_IRQHandler)
    USART3_init                              0x08009089   Thumb Code    54  usart.o(i.USART3_init)
    UsageFault_Handler                       0x080090cd   Thumb Code     4  stm32h7xx_it.o(i.UsageFault_Handler)
    __ARM_fpclassify                         0x080090d1   Thumb Code    48  fpclassify.o(i.__ARM_fpclassify)
    __hardfp_asin                            0x08009139   Thumb Code   432  asin.o(i.__hardfp_asin)
    __hardfp_atan                            0x08009341   Thumb Code   402  atan.o(i.__hardfp_atan)
    __hardfp_atan2                           0x08009541   Thumb Code   380  atan2.o(i.__hardfp_atan2)
    __hardfp_cos                             0x08009701   Thumb Code   158  cos.o(i.__hardfp_cos)
    __hardfp_sin                             0x080097b1   Thumb Code   158  sin.o(i.__hardfp_sin)
    __hardfp_tan                             0x08009861   Thumb Code   108  tan.o(i.__hardfp_tan)
    __ieee754_rem_pio2                       0x080098e1   Thumb Code   646  rred.o(i.__ieee754_rem_pio2)
    __kernel_cos                             0x08009bf1   Thumb Code   182  cos_i.o(i.__kernel_cos)
    __kernel_poly                            0x08009cd1   Thumb Code   112  poly.o(i.__kernel_poly)
    __kernel_sin                             0x08009d41   Thumb Code   144  sin_i.o(i.__kernel_sin)
    __kernel_tan                             0x08009de9   Thumb Code   434  tan_i.o(i.__kernel_tan)
    __mathlib_dbl_infnan                     0x08009ff1   Thumb Code     6  dunder.o(i.__mathlib_dbl_infnan)
    __mathlib_dbl_infnan2                    0x08009ff7   Thumb Code     6  dunder.o(i.__mathlib_dbl_infnan2)
    __mathlib_dbl_invalid                    0x0800a001   Thumb Code    10  dunder.o(i.__mathlib_dbl_invalid)
    __mathlib_dbl_underflow                  0x0800a019   Thumb Code    10  dunder.o(i.__mathlib_dbl_underflow)
    _sys_exit                                0x0800a031   Thumb Code     4  usart.o(i._sys_exit)
    atan                                     0x0800a035   Thumb Code    16  atan.o(i.atan)
    delay_init                               0x0800a045   Thumb Code    16  delay.o(i.delay_init)
    delay_ms                                 0x0800a059   Thumb Code    24  delay.o(i.delay_ms)
    delay_us                                 0x0800a071   Thumb Code    68  delay.o(i.delay_us)
    fabs                                     0x0800a0b9   Thumb Code    24  fabs.o(i.fabs)
    fputc                                    0x0800a0d1   Thumb Code    22  usart.o(i.fputc)
    hmc5983_ReadBuf                          0x0800a0ed   Thumb Code    70  hmc5983.o(i.hmc5983_ReadBuf)
    hmc5983_StartMea                         0x0800a139   Thumb Code    12  hmc5983.o(i.hmc5983_StartMea)
    hmc5983_WriteByte                        0x0800a145   Thumb Code    44  hmc5983.o(i.hmc5983_WriteByte)
    hmc5983_init                             0x0800a175   Thumb Code    88  hmc5983.o(i.hmc5983_init)
    main                                     0x0800a1d5   Thumb Code   262  main.o(i.main)
    sqrt                                     0x0800a315   Thumb Code   106  sqrt.o(i.sqrt)
    uart4_init                               0x0800a381   Thumb Code    62  usart.o(i.uart4_init)
    uart_init                                0x0800a3cd   Thumb Code    34  usart.o(i.uart_init)
    _fp_init                                 0x0800a3f9   Thumb Code    10  fpinit.o(x$fpl$fpinit)
    __fplib_config_fpu_vfp                   0x0800a401   Thumb Code     0  fpinit.o(x$fpl$fpinit)
    __fplib_config_pureend_doubles           0x0800a401   Thumb Code     0  fpinit.o(x$fpl$fpinit)
    __I$use$fp                               0x0800a402   Number         0  usenofp.o(x$fpl$usenofp)
    D1CorePrescTable                         0x0800a432   Data          16  system_stm32h7xx.o(.constdata)
    __mathlib_zero                           0x0800a5c8   Data           8  qnan.o(.constdata)
    Region$$Table$$Base                      0x0800a720   Number         0  anon$$obj.o(Region$$Table)
    Region$$Table$$Limit                     0x0800a740   Number         0  anon$$obj.o(Region$$Table)
    Timer_Flag                               0x24000000   Data           4  main.o(.data)
    SystemCoreClock                          0x24000004   Data           4  system_stm32h7xx.o(.data)
    SystemD2Clock                            0x24000008   Data           4  system_stm32h7xx.o(.data)
    AngCtrFirst                              0x24000018   Data           4  attitudecontrol.o(.data)
    ControlPitch                             0x2400001c   Data           4  attitudecontrol.o(.data)
    ControlRoll                              0x24000020   Data           4  attitudecontrol.o(.data)
    ControlYaw                               0x24000024   Data           4  attitudecontrol.o(.data)
    ControlCollective                        0x24000028   Data           4  attitudecontrol.o(.data)
    ControlSN                                0x2400002c   Data           4  attitudecontrol.o(.data)
    ControlEW                                0x24000030   Data           4  attitudecontrol.o(.data)
    ControlSnBody                            0x24000034   Data           4  attitudecontrol.o(.data)
    ControlEwBody                            0x24000038   Data           4  attitudecontrol.o(.data)
    PitchZero                                0x2400003c   Data           4  attitudecontrol.o(.data)
    RollZero                                 0x24000040   Data           4  attitudecontrol.o(.data)
    YawZero                                  0x24000044   Data           4  attitudecontrol.o(.data)
    PitchTargetZero                          0x24000048   Data           4  attitudecontrol.o(.data)
    RollTargetZero                           0x2400004c   Data           4  attitudecontrol.o(.data)
    YawTargetZero                            0x24000050   Data           4  attitudecontrol.o(.data)
    Filter_Gyro_F                            0x24000054   Data           4  attitudecontrol.o(.data)
    PitchP                                   0x24000058   Data           4  attitudecontrol.o(.data)
    PitchI                                   0x2400005c   Data           4  attitudecontrol.o(.data)
    PitchD                                   0x24000060   Data           4  attitudecontrol.o(.data)
    PitchF                                   0x24000064   Data           4  attitudecontrol.o(.data)
    RollP                                    0x24000068   Data           4  attitudecontrol.o(.data)
    RollI                                    0x2400006c   Data           4  attitudecontrol.o(.data)
    RollD                                    0x24000070   Data           4  attitudecontrol.o(.data)
    RollF                                    0x24000074   Data           4  attitudecontrol.o(.data)
    YawP                                     0x24000078   Data           4  attitudecontrol.o(.data)
    YawI                                     0x2400007c   Data           4  attitudecontrol.o(.data)
    YawD                                     0x24000080   Data           4  attitudecontrol.o(.data)
    YawF                                     0x24000084   Data           4  attitudecontrol.o(.data)
    yaw_integrate                            0x24000088   Data           4  attitudecontrol.o(.data)
    yaw_error_bound                          0x2400008c   Data           4  attitudecontrol.o(.data)
    yaw_integrate_bound                      0x24000090   Data           4  attitudecontrol.o(.data)
    BServoHL                                 0x24000094   Data           4  attitudecontrol.o(.data)
    LServoHL                                 0x24000098   Data           4  attitudecontrol.o(.data)
    RServoHL                                 0x2400009c   Data           4  attitudecontrol.o(.data)
    TServoHL                                 0x240000a0   Data           4  attitudecontrol.o(.data)
    PServoHL                                 0x240000a4   Data           4  attitudecontrol.o(.data)
    MOTOR_M1                                 0x240000a8   Data           4  powercontrol.o(.data)
    MOTOR_M2                                 0x240000ac   Data           4  powercontrol.o(.data)
    MOTOR_M3                                 0x240000b0   Data           4  powercontrol.o(.data)
    MOTOR_M4                                 0x240000b4   Data           4  powercontrol.o(.data)
    ControlHeight1                           0x240000b8   Data           4  powercontrol.o(.data)
    aacx                                     0x240000bc   Data           2  attitude.o(.data)
    aacy                                     0x240000be   Data           2  attitude.o(.data)
    aacz                                     0x240000c0   Data           2  attitude.o(.data)
    gyrox                                    0x240000c2   Data           2  attitude.o(.data)
    gyroy                                    0x240000c4   Data           2  attitude.o(.data)
    gyroz                                    0x240000c6   Data           2  attitude.o(.data)
    mx                                       0x240000c8   Data           2  attitude.o(.data)
    my                                       0x240000ca   Data           2  attitude.o(.data)
    mz                                       0x240000cc   Data           2  attitude.o(.data)
    compOrigin                               0x240000ce   Data           6  attitude.o(.data)
    compOrigin1                              0x240000d4   Data           6  attitude.o(.data)
    AngleHmr                                 0x240000dc   Data           8  attitude.o(.data)
    Cali_Length                              0x240000e4   Data           4  attitude.o(.data)
    Cali_Num                                 0x240000e8   Data           4  attitude.o(.data)
    HX                                       0x240000ec   Data           4  attitude.o(.data)
    HY                                       0x240000f0   Data           4  attitude.o(.data)
    Ellipsoid_Center                         0x240000f4   Data          12  attitude.o(.data)
    Ellipsoid_Radius                         0x24000100   Data          12  attitude.o(.data)
    Ellipsoid_Evecs                          0x2400010c   Data          36  attitude.o(.data)
    C                                        0x24000130   Data          36  attitude.o(.data)
    __stdout                                 0x24000158   Data           4  usart.o(.data)
    AutoStateFlag                            0x2400015c   Data           1  global.o(.data)
    gps                                      0x24000160   Data         113  gps.o(.bss)
    TIM2_Handler                             0x240001d4   Data          64  servo.o(.bss)
    TIM2_CH1Handler                          0x24000214   Data          28  servo.o(.bss)
    TIM2_CH2Handler                          0x24000230   Data          28  servo.o(.bss)
    TIM2_CH3Handler                          0x2400024c   Data          28  servo.o(.bss)
    TIM2_CH4Handler                          0x24000268   Data          28  servo.o(.bss)
    SBUS_Temp                                0x24000284   Data          25  sbus.o(.bss)
    Remoter_Channel                          0x2400029e   Data          32  sbus.o(.bss)
    Cali_Channel                             0x240002be   Data          32  sbus.o(.bss)
    AttTrackFilterAng                        0x240002e0   Data          12  attitudecontrol.o(.bss)
    AngleDelta                               0x240002ec   Data          36  attitudecontrol.o(.bss)
    AngleRate_Gyro                           0x24000310   Data          36  attitudecontrol.o(.bss)
    AngleRate_Delta                          0x24000334   Data          36  attitudecontrol.o(.bss)
    ServoHL                                  0x24000358   Data          24  attitudecontrol.o(.bss)
    BodyAngleRate                            0x24000370   Data          12  attitude.o(.bss)
    BodyAcc                                  0x2400037c   Data          36  attitude.o(.bss)
    EarthAngleRate                           0x240003a0   Data          36  attitude.o(.bss)
    EarthAcc                                 0x240003c4   Data          36  attitude.o(.bss)
    AngleRate                                0x240003e8   Data          24  attitude.o(.bss)
    Angle                                    0x24000400   Data          24  attitude.o(.bss)
    AngleAcc                                 0x24000418   Data          16  attitude.o(.bss)
    GyroOrigin                               0x24000428   Data          12  attitude.o(.bss)
    AccOrigin                                0x24000434   Data          12  attitude.o(.bss)
    Mag                                      0x24000440   Data          12  attitude.o(.bss)
    Mag_Max                                  0x2400044c   Data          12  attitude.o(.bss)
    Mag_Min                                  0x24000458   Data          12  attitude.o(.bss)
    Angle_Accorigin                          0x24000464   Data          36  attitude.o(.bss)
    Cali_Sum_Gyro                            0x24000488   Data          12  attitude.o(.bss)
    Cali_Sum_Angle                           0x24000494   Data          12  attitude.o(.bss)
    Cali_Sum_Acc                             0x240004a0   Data          12  attitude.o(.bss)
    Average_Gyro                             0x240004ac   Data          12  attitude.o(.bss)
    Average_Acc                              0x240004b8   Data          12  attitude.o(.bss)
    Zero_Angle                               0x240004c4   Data          12  attitude.o(.bss)
    USART3TxDMA_Handler                      0x240004d0   Data         120  dma.o(.bss)
    USART3RxDMA_Handler                      0x24000548   Data         120  dma.o(.bss)
    UART4TxDMA_Handler                       0x240005c0   Data         120  dma.o(.bss)
    UART4RxDMA_Handler                       0x24000638   Data         120  dma.o(.bss)
    TIM3_Handler                             0x240006b0   Data          64  timer.o(.bss)
    SBUS_Buf                                 0x240006f0   Data        1000  usart.o(.bss)
    GPS_Buf                                  0x24000ad8   Data        1000  usart.o(.bss)
    ProcessBuffer                            0x24000ec0   Data        1000  usart.o(.bss)
    UART1_Handler                            0x240012a8   Data         128  usart.o(.bss)
    USART3_Handler                           0x24001328   Data         128  usart.o(.bss)
    UART4_Handler                            0x240013a8   Data         128  usart.o(.bss)
    SPI2_Handler                             0x24001428   Data         136  spi.o(.bss)
    __libspace_start                         0x240014b0   Data          96  libspace.o(.bss)
    __temporary_stack_top$libspace           0x24001510   Data           0  libspace.o(.bss)



==============================================================================

Memory Map of the image

  Image Entry point : 0x08000299

  Load Region LR_IROM1 (Base: 0x08000000, Size: 0x0000a8a0, Max: 0x00200000, ABSOLUTE, COMPRESSED[0x0000a7bc])

    Execution Region ER_IROM1 (Base: 0x08000000, Size: 0x0000a740, Max: 0x00200000, ABSOLUTE)

    Base Addr    Size         Type   Attr      Idx    E Section Name        Object

    0x08000000   0x00000298   Data   RO          537    RESET               startup_stm32h743xx.o
    0x08000298   0x00000008   Code   RO        15700  * !!!main             c_w.l(__main.o)
    0x080002a0   0x00000034   Code   RO        16020    !!!scatter          c_w.l(__scatter.o)
    0x080002d4   0x0000005a   Code   RO        16018    !!dczerorl2         c_w.l(__dczerorl2.o)
    0x0800032e   0x00000002   PAD
    0x08000330   0x0000001c   Code   RO        16022    !!handler_zi        c_w.l(__scatter_zi.o)
    0x0800034c   0x00000000   Code   RO        15689    .ARM.Collect$$_printf_percent$$00000000  c_w.l(_printf_percent.o)
    0x0800034c   0x00000006   Code   RO        15688    .ARM.Collect$$_printf_percent$$00000009  c_w.l(_printf_d.o)
    0x08000352   0x00000004   Code   RO        15775    .ARM.Collect$$_printf_percent$$00000017  c_w.l(_printf_percent_end.o)
    0x08000356   0x00000002   Code   RO        15894    .ARM.Collect$$libinit$$00000000  c_w.l(libinit.o)
    0x08000358   0x00000004   Code   RO        15903    .ARM.Collect$$libinit$$00000001  c_w.l(libinit2.o)
    0x0800035c   0x00000000   Code   RO        15906    .ARM.Collect$$libinit$$00000004  c_w.l(libinit2.o)
    0x0800035c   0x00000000   Code   RO        15909    .ARM.Collect$$libinit$$0000000A  c_w.l(libinit2.o)
    0x0800035c   0x00000000   Code   RO        15911    .ARM.Collect$$libinit$$0000000C  c_w.l(libinit2.o)
    0x0800035c   0x00000000   Code   RO        15913    .ARM.Collect$$libinit$$0000000E  c_w.l(libinit2.o)
    0x0800035c   0x00000000   Code   RO        15916    .ARM.Collect$$libinit$$00000011  c_w.l(libinit2.o)
    0x0800035c   0x00000000   Code   RO        15918    .ARM.Collect$$libinit$$00000013  c_w.l(libinit2.o)
    0x0800035c   0x00000000   Code   RO        15920    .ARM.Collect$$libinit$$00000015  c_w.l(libinit2.o)
    0x0800035c   0x00000000   Code   RO        15922    .ARM.Collect$$libinit$$00000017  c_w.l(libinit2.o)
    0x0800035c   0x00000000   Code   RO        15924    .ARM.Collect$$libinit$$00000019  c_w.l(libinit2.o)
    0x0800035c   0x00000000   Code   RO        15926    .ARM.Collect$$libinit$$0000001B  c_w.l(libinit2.o)
    0x0800035c   0x00000000   Code   RO        15928    .ARM.Collect$$libinit$$0000001D  c_w.l(libinit2.o)
    0x0800035c   0x00000000   Code   RO        15930    .ARM.Collect$$libinit$$0000001F  c_w.l(libinit2.o)
    0x0800035c   0x00000000   Code   RO        15932    .ARM.Collect$$libinit$$00000021  c_w.l(libinit2.o)
    0x0800035c   0x00000000   Code   RO        15934    .ARM.Collect$$libinit$$00000023  c_w.l(libinit2.o)
    0x0800035c   0x00000000   Code   RO        15936    .ARM.Collect$$libinit$$00000025  c_w.l(libinit2.o)
    0x0800035c   0x00000000   Code   RO        15940    .ARM.Collect$$libinit$$0000002C  c_w.l(libinit2.o)
    0x0800035c   0x00000000   Code   RO        15942    .ARM.Collect$$libinit$$0000002E  c_w.l(libinit2.o)
    0x0800035c   0x00000000   Code   RO        15944    .ARM.Collect$$libinit$$00000030  c_w.l(libinit2.o)
    0x0800035c   0x00000000   Code   RO        15946    .ARM.Collect$$libinit$$00000032  c_w.l(libinit2.o)
    0x0800035c   0x00000002   Code   RO        15947    .ARM.Collect$$libinit$$00000033  c_w.l(libinit2.o)
    0x0800035e   0x00000002   Code   RO        15973    .ARM.Collect$$libshutdown$$00000000  c_w.l(libshutdown.o)
    0x08000360   0x00000000   Code   RO        16003    .ARM.Collect$$libshutdown$$00000003  c_w.l(libshutdown2.o)
    0x08000360   0x00000000   Code   RO        16006    .ARM.Collect$$libshutdown$$00000006  c_w.l(libshutdown2.o)
    0x08000360   0x00000000   Code   RO        16009    .ARM.Collect$$libshutdown$$00000009  c_w.l(libshutdown2.o)
    0x08000360   0x00000000   Code   RO        16011    .ARM.Collect$$libshutdown$$0000000B  c_w.l(libshutdown2.o)
    0x08000360   0x00000000   Code   RO        16014    .ARM.Collect$$libshutdown$$0000000E  c_w.l(libshutdown2.o)
    0x08000360   0x00000002   Code   RO        16015    .ARM.Collect$$libshutdown$$0000000F  c_w.l(libshutdown2.o)
    0x08000362   0x00000000   Code   RO        15764    .ARM.Collect$$rtentry$$00000000  c_w.l(__rtentry.o)
    0x08000362   0x00000000   Code   RO        15849    .ARM.Collect$$rtentry$$00000002  c_w.l(__rtentry2.o)
    0x08000362   0x00000006   Code   RO        15861    .ARM.Collect$$rtentry$$00000004  c_w.l(__rtentry4.o)
    0x08000368   0x00000000   Code   RO        15851    .ARM.Collect$$rtentry$$00000009  c_w.l(__rtentry2.o)
    0x08000368   0x00000004   Code   RO        15852    .ARM.Collect$$rtentry$$0000000A  c_w.l(__rtentry2.o)
    0x0800036c   0x00000000   Code   RO        15854    .ARM.Collect$$rtentry$$0000000C  c_w.l(__rtentry2.o)
    0x0800036c   0x00000008   Code   RO        15855    .ARM.Collect$$rtentry$$0000000D  c_w.l(__rtentry2.o)
    0x08000374   0x00000002   Code   RO        15895    .ARM.Collect$$rtexit$$00000000  c_w.l(rtexit.o)
    0x08000376   0x00000000   Code   RO        15949    .ARM.Collect$$rtexit$$00000002  c_w.l(rtexit2.o)
    0x08000376   0x00000004   Code   RO        15950    .ARM.Collect$$rtexit$$00000003  c_w.l(rtexit2.o)
    0x0800037a   0x00000006   Code   RO        15951    .ARM.Collect$$rtexit$$00000004  c_w.l(rtexit2.o)
    0x08000380   0x00000040   Code   RO          538    .text               startup_stm32h743xx.o
    0x080003c0   0x000000ee   Code   RO        15658    .text               c_w.l(lludivv7m.o)
    0x080004ae   0x00000002   PAD
    0x080004b0   0x00000018   Code   RO        15662    .text               c_w.l(noretval__2printf.o)
    0x080004c8   0x00000068   Code   RO        15664    .text               c_w.l(__printf.o)
    0x08000530   0x00000078   Code   RO        15666    .text               c_w.l(_printf_dec.o)
    0x080005a8   0x00000024   Code   RO        15690    .text               c_w.l(strstr.o)
    0x080005cc   0x0000008a   Code   RO        15692    .text               c_w.l(rt_memcpy_v6.o)
    0x08000656   0x00000064   Code   RO        15694    .text               c_w.l(rt_memcpy_w.o)
    0x080006ba   0x00000006   Code   RO        15698    .text               c_w.l(heapauxi.o)
    0x080006c0   0x00000016   Code   RO        15769    .text               c_w.l(_rserrno.o)
    0x080006d6   0x000000b2   Code   RO        15771    .text               c_w.l(_printf_intcommon.o)
    0x08000788   0x00000024   Code   RO        15773    .text               c_w.l(_printf_char_file.o)
    0x080007ac   0x00000008   Code   RO        15868    .text               c_w.l(rt_errno_addr_intlibspace.o)
    0x080007b4   0x00000030   Code   RO        15870    .text               c_w.l(_printf_char_common.o)
    0x080007e4   0x00000008   Code   RO        15872    .text               c_w.l(ferror.o)
    0x080007ec   0x00000008   Code   RO        15876    .text               c_w.l(libspace.o)
    0x080007f4   0x0000004a   Code   RO        15879    .text               c_w.l(sys_stackheap_outer.o)
    0x0800083e   0x0000000c   Code   RO        15883    .text               c_w.l(exit.o)
    0x0800084a   0x00000002   PAD
    0x0800084c   0x00000888   Code   RO        14848    i.AttitudeControl   attitudecontrol.o
    0x080010d4   0x000005d8   Code   RO        15020    i.AttitudeFilter    attitude.o
    0x080016ac   0x00000004   Code   RO          385    i.BusFault_Handler  stm32h7xx_it.o
    0x080016b0   0x0000001c   Code   RO        15334    i.Cache_Enable      sys.o
    0x080016cc   0x00000010   Code   RO        15210    i.DMA1_Stream1_IRQHandler  dma.o
    0x080016dc   0x00000010   Code   RO        15211    i.DMA1_Stream2_IRQHandler  dma.o
    0x080016ec   0x00000010   Code   RO        15212    i.DMA1_Stream3_IRQHandler  dma.o
    0x080016fc   0x00000010   Code   RO        15213    i.DMA1_Stream4_IRQHandler  dma.o
    0x0800170c   0x00000034   Code   RO         2559    i.DMA_CalcBaseAndBitshift  stm32h7xx_hal_dma.o
    0x08001740   0x00000074   Code   RO         2560    i.DMA_CalcDMAMUXChannelBaseAndMask  stm32h7xx_hal_dma.o
    0x080017b4   0x00000054   Code   RO         2561    i.DMA_CalcDMAMUXRequestGenBaseAndMask  stm32h7xx_hal_dma.o
    0x08001808   0x000000ae   Code   RO         2562    i.DMA_CheckFifoParam  stm32h7xx_hal_dma.o
    0x080018b6   0x00000002   PAD
    0x080018b8   0x000000b4   Code   RO         2563    i.DMA_SetConfig     stm32h7xx_hal_dma.o
    0x0800196c   0x00000002   Code   RO          386    i.DebugMon_Handler  stm32h7xx_it.o
    0x0800196e   0x00000030   Code   RO        14453    i.GPS_Analysis      gps.o
    0x0800199e   0x00000048   Code   RO        14792    i.Get_HMC5983       hmc5983.o
    0x080019e6   0x00000002   PAD
    0x080019e8   0x00000088   Code   RO        14455    i.Gps_Recieve       gps.o
    0x08001a70   0x00000148   Code   RO         2564    i.HAL_DMA_Abort     stm32h7xx_hal_dma.o
    0x08001bb8   0x000000f8   Code   RO         2565    i.HAL_DMA_Abort_IT  stm32h7xx_hal_dma.o
    0x08001cb0   0x00000120   Code   RO         2566    i.HAL_DMA_DeInit    stm32h7xx_hal_dma.o
    0x08001dd0   0x00000006   Code   RO         2567    i.HAL_DMA_GetError  stm32h7xx_hal_dma.o
    0x08001dd6   0x00000002   PAD
    0x08001dd8   0x0000044c   Code   RO         2569    i.HAL_DMA_IRQHandler  stm32h7xx_hal_dma.o
    0x08002224   0x00000210   Code   RO         2570    i.HAL_DMA_Init      stm32h7xx_hal_dma.o
    0x08002434   0x00000150   Code   RO         2574    i.HAL_DMA_Start_IT  stm32h7xx_hal_dma.o
    0x08002584   0x00000014   Code   RO          561    i.HAL_EnableCompensationCell  stm32h7xx_hal.o
    0x08002598   0x0000024c   Code   RO         4252    i.HAL_GPIO_Init     stm32h7xx_hal_gpio.o
    0x080027e4   0x00000010   Code   RO         4254    i.HAL_GPIO_ReadPin  stm32h7xx_hal_gpio.o
    0x080027f4   0x0000000a   Code   RO         4256    i.HAL_GPIO_WritePin  stm32h7xx_hal_gpio.o
    0x080027fe   0x00000002   PAD
    0x08002800   0x0000000c   Code   RO          568    i.HAL_GetTick       stm32h7xx_hal.o
    0x0800280c   0x00000018   Code   RO          571    i.HAL_IncTick       stm32h7xx_hal.o
    0x08002824   0x0000001c   Code   RO          572    i.HAL_Init          stm32h7xx_hal.o
    0x08002840   0x0000004c   Code   RO          573    i.HAL_InitTick      stm32h7xx_hal.o
    0x0800288c   0x00000002   Code   RO          507    i.HAL_MspInit       stm32h7xx_hal_msp.o
    0x0800288e   0x00000020   Code   RO         1450    i.HAL_NVIC_EnableIRQ  stm32h7xx_hal_cortex.o
    0x080028ae   0x0000007a   Code   RO         1456    i.HAL_NVIC_SetPriority  stm32h7xx_hal_cortex.o
    0x08002928   0x00000028   Code   RO         1457    i.HAL_NVIC_SetPriorityGrouping  stm32h7xx_hal_cortex.o
    0x08002950   0x00000038   Code   RO         9270    i.HAL_RCCEx_GetD1SysClockFreq  stm32h7xx_hal_rcc_ex.o
    0x08002988   0x0000002c   Code   RO         9271    i.HAL_RCCEx_GetD3PCLK1Freq  stm32h7xx_hal_rcc_ex.o
    0x080029b4   0x0000022c   Code   RO         9273    i.HAL_RCCEx_GetPLL2ClockFreq  stm32h7xx_hal_rcc_ex.o
    0x08002be0   0x0000022c   Code   RO         9274    i.HAL_RCCEx_GetPLL3ClockFreq  stm32h7xx_hal_rcc_ex.o
    0x08002e0c   0x00000b38   Code   RO         9278    i.HAL_RCCEx_PeriphCLKConfig  stm32h7xx_hal_rcc_ex.o
    0x08003944   0x00000250   Code   RO         9161    i.HAL_RCC_ClockConfig  stm32h7xx_hal_rcc.o
    0x08003b94   0x00000038   Code   RO         9165    i.HAL_RCC_GetHCLKFreq  stm32h7xx_hal_rcc.o
    0x08003bcc   0x0000002c   Code   RO         9167    i.HAL_RCC_GetPCLK1Freq  stm32h7xx_hal_rcc.o
    0x08003bf8   0x0000002c   Code   RO         9168    i.HAL_RCC_GetPCLK2Freq  stm32h7xx_hal_rcc.o
    0x08003c24   0x00000244   Code   RO         9169    i.HAL_RCC_GetSysClockFreq  stm32h7xx_hal_rcc.o
    0x08003e68   0x000006c4   Code   RO         9172    i.HAL_RCC_OscConfig  stm32h7xx_hal_rcc.o
    0x0800452c   0x00000264   Code   RO        11356    i.HAL_SPI_Init      stm32h7xx_hal_spi.o
    0x08004790   0x0000007c   Code   RO        15540    i.HAL_SPI_MspInit   spi.o
    0x0800480c   0x000003dc   Code   RO        11365    i.HAL_SPI_TransmitReceive  stm32h7xx_hal_spi.o
    0x08004be8   0x00000028   Code   RO         1459    i.HAL_SYSTICK_CLKSourceConfig  stm32h7xx_hal_cortex.o
    0x08004c10   0x00000034   Code   RO         1461    i.HAL_SYSTICK_Config  stm32h7xx_hal_cortex.o
    0x08004c44   0x00000002   Code   RO        12692    i.HAL_TIMEx_BreakCallback  stm32h7xx_hal_tim_ex.o
    0x08004c46   0x00000002   Code   RO        12693    i.HAL_TIMEx_CommutationCallback  stm32h7xx_hal_tim_ex.o
    0x08004c48   0x00000034   Code   RO        12037    i.HAL_TIM_Base_Init  stm32h7xx_hal_tim.o
    0x08004c7c   0x00000044   Code   RO        15395    i.HAL_TIM_Base_MspInit  timer.o
    0x08004cc0   0x0000001e   Code   RO        12042    i.HAL_TIM_Base_Start_IT  stm32h7xx_hal_tim.o
    0x08004cde   0x00000002   Code   RO        12066    i.HAL_TIM_IC_CaptureCallback  stm32h7xx_hal_tim.o
    0x08004ce0   0x000001b8   Code   RO        12079    i.HAL_TIM_IRQHandler  stm32h7xx_hal_tim.o
    0x08004e98   0x00000002   Code   RO        12082    i.HAL_TIM_OC_DelayElapsedCallback  stm32h7xx_hal_tim.o
    0x08004e9a   0x00000174   Code   RO        12103    i.HAL_TIM_PWM_ConfigChannel  stm32h7xx_hal_tim.o
    0x0800500e   0x00000034   Code   RO        12106    i.HAL_TIM_PWM_Init  stm32h7xx_hal_tim.o
    0x08005042   0x00000002   PAD
    0x08005044   0x00000090   Code   RO        14666    i.HAL_TIM_PWM_MspInit  servo.o
    0x080050d4   0x00000002   Code   RO        12109    i.HAL_TIM_PWM_PulseFinishedCallback  stm32h7xx_hal_tim.o
    0x080050d6   0x00000002   PAD
    0x080050d8   0x00000070   Code   RO        12110    i.HAL_TIM_PWM_Start  stm32h7xx_hal_tim.o
    0x08005148   0x00000020   Code   RO        15396    i.HAL_TIM_PeriodElapsedCallback  timer.o
    0x08005168   0x00000002   Code   RO        12120    i.HAL_TIM_TriggerCallback  stm32h7xx_hal_tim.o
    0x0800516a   0x00000002   Code   RO        13309    i.HAL_UARTEx_WakeupCallback  stm32h7xx_hal_uart_ex.o
    0x0800516c   0x00000064   Code   RO        12971    i.HAL_UART_DMAStop  stm32h7xx_hal_uart.o
    0x080051d0   0x00000002   Code   RO        12973    i.HAL_UART_ErrorCallback  stm32h7xx_hal_uart.o
    0x080051d2   0x00000014   Code   RO        12975    i.HAL_UART_GetState  stm32h7xx_hal_uart.o
    0x080051e6   0x00000002   PAD
    0x080051e8   0x000001bc   Code   RO        12976    i.HAL_UART_IRQHandler  stm32h7xx_hal_uart.o
    0x080053a4   0x00000078   Code   RO        12977    i.HAL_UART_Init     stm32h7xx_hal_uart.o
    0x0800541c   0x000001a8   Code   RO        15448    i.HAL_UART_MspInit  usart.o
    0x080055c4   0x000000a8   Code   RO        12981    i.HAL_UART_Receive_DMA  stm32h7xx_hal_uart.o
    0x0800566c   0x00000002   Code   RO        15449    i.HAL_UART_RxCpltCallback  usart.o
    0x0800566e   0x00000002   Code   RO        12984    i.HAL_UART_RxHalfCpltCallback  stm32h7xx_hal_uart.o
    0x08005670   0x00000002   Code   RO        12988    i.HAL_UART_TxCpltCallback  stm32h7xx_hal_uart.o
    0x08005672   0x00000004   Code   RO          387    i.HardFault_Handler  stm32h7xx_it.o
    0x08005676   0x00000002   PAD
    0x08005678   0x00000054   Code   RO        15265    i.IIC_Ack           iic.o
    0x080056cc   0x00000058   Code   RO        15266    i.IIC_Init          iic.o
    0x08005724   0x00000054   Code   RO        15267    i.IIC_NAck          iic.o
    0x08005778   0x0000006c   Code   RO        15268    i.IIC_Read_Byte     iic.o
    0x080057e4   0x0000007c   Code   RO        15269    i.IIC_Send_Byte     iic.o
    0x08005860   0x00000054   Code   RO        15270    i.IIC_Start         iic.o
    0x080058b4   0x00000054   Code   RO        15271    i.IIC_Stop          iic.o
    0x08005908   0x00000068   Code   RO        15272    i.IIC_Wait_Ack      iic.o
    0x08005970   0x000000c4   Code   RO        14568    i.MPU9250_Init      mpu9250.o
    0x08005a34   0x00000050   Code   RO        14569    i.MPU_Get_Accelerometer  mpu9250.o
    0x08005a84   0x00000050   Code   RO        14570    i.MPU_Get_Gyroscope  mpu9250.o
    0x08005ad4   0x00000048   Code   RO        14573    i.MPU_Read_Byte     mpu9250.o
    0x08005b1c   0x00000074   Code   RO        14574    i.MPU_Read_Len      mpu9250.o
    0x08005b90   0x00000012   Code   RO        14575    i.MPU_Set_Accel_Fsr  mpu9250.o
    0x08005ba2   0x00000016   Code   RO        14576    i.MPU_Set_Gyro_Fsr  mpu9250.o
    0x08005bb8   0x0000003c   Code   RO        14577    i.MPU_Set_LPF       mpu9250.o
    0x08005bf4   0x0000003c   Code   RO        14578    i.MPU_Set_Rate      mpu9250.o
    0x08005c30   0x0000004c   Code   RO        14579    i.MPU_Write_Byte    mpu9250.o
    0x08005c7c   0x000001c4   Code   RO        15214    i.MYDMA_Config      dma.o
    0x08005e40   0x00000004   Code   RO          388    i.MemManage_Handler  stm32h7xx_it.o
    0x08005e44   0x00000028   Code   RO        14976    i.Motor_PWMSet      powercontrol.o
    0x08005e6c   0x00000248   Code   RO        14977    i.Motor_Set         powercontrol.o
    0x080060b4   0x00000032   Code   RO        14456    i.NMEA_Comma_Pos    gps.o
    0x080060e6   0x00000002   PAD
    0x080060e8   0x0000008c   Code   RO        14457    i.NMEA_GPGGA_Analysis  gps.o
    0x08006174   0x000000b8   Code   RO        14458    i.NMEA_GPGSA_Analysis  gps.o
    0x0800622c   0x0000012c   Code   RO        14459    i.NMEA_GPGSV_Analysis  gps.o
    0x08006358   0x0000027c   Code   RO        14460    i.NMEA_GPRMC_Analysis  gps.o
    0x080065d4   0x00000058   Code   RO        14461    i.NMEA_GPVTG_Analysis  gps.o
    0x0800662c   0x00000016   Code   RO        14462    i.NMEA_Pow          gps.o
    0x08006642   0x000000ea   Code   RO        14463    i.NMEA_Str2num      gps.o
    0x0800672c   0x00000002   Code   RO          389    i.NMI_Handler       stm32h7xx_it.o
    0x0800672e   0x00000002   Code   RO          390    i.PendSV_Handler    stm32h7xx_it.o
    0x08006730   0x00000180   Code   RO        14739    i.ProcessSBUS       sbus.o
    0x080068b0   0x00000130   Code   RO         9281    i.RCCEx_PLL2_Config  stm32h7xx_hal_rcc_ex.o
    0x080069e0   0x00000130   Code   RO         9282    i.RCCEx_PLL3_Config  stm32h7xx_hal_rcc_ex.o
    0x08006b10   0x00000440   Code   RO        15021    i.ReadMPU9250       attitude.o
    0x08006f50   0x00000188   Code   RO        14978    i.ReceiveOrder      powercontrol.o
    0x080070d8   0x000000a4   Code   RO        14740    i.Remoter_Cali      sbus.o
    0x0800717c   0x000000a0   Code   RO        14464    i.SCB_DisableDCache  gps.o
    0x0800721c   0x000000a0   Code   RO        14741    i.SCB_DisableDCache  sbus.o
    0x080072bc   0x0000009c   Code   RO        14465    i.SCB_EnableDCache  gps.o
    0x08007358   0x0000009c   Code   RO        14742    i.SCB_EnableDCache  sbus.o
    0x080073f4   0x0000009c   Code   RO        15337    i.SCB_EnableDCache  sys.o
    0x08007490   0x0000007c   Code   RO        15338    i.SCB_EnableICache  sys.o
    0x0800750c   0x00000068   Code   RO        15541    i.SPI2_Init         spi.o
    0x08007574   0x00000020   Code   RO        15542    i.SPI2_ReadWriteByte  spi.o
    0x08007594   0x000000fc   Code   RO        11381    i.SPI_CloseTransfer  stm32h7xx_hal_spi.o
    0x08007690   0x0000001a   Code   RO        11392    i.SPI_GetPacketSize  stm32h7xx_hal_spi.o
    0x080076aa   0x00000040   Code   RO        11399    i.SPI_WaitOnFlagUntilTimeout  stm32h7xx_hal_spi.o
    0x080076ea   0x00000002   Code   RO          391    i.SVC_Handler       stm32h7xx_it.o
    0x080076ec   0x00000032   Code   RO        15022    i.SafeAsin          attitude.o
    0x0800771e   0x00000002   PAD
    0x08007720   0x00000044   Code   RO        15023    i.SafeSin           attitude.o
    0x08007764   0x00000094   Code   RO        14743    i.Sbus_Recieve      sbus.o
    0x080077f8   0x00000374   Code   RO        15024    i.SensorCalibration  attitude.o
    0x08007b6c   0x000000f8   Code   RO        15339    i.Stm32_Clock_Init  sys.o
    0x08007c64   0x00000008   Code   RO          392    i.SysTick_Handler   stm32h7xx_it.o
    0x08007c6c   0x00000094   Code   RO          470    i.SystemInit        system_stm32h7xx.o
    0x08007d00   0x00000010   Code   RO        14667    i.TIM2_IRQHandler   servo.o
    0x08007d10   0x000000c4   Code   RO        14669    i.TIM2_PWM_Init     servo.o
    0x08007dd4   0x00000010   Code   RO        15397    i.TIM3_IRQHandler   timer.o
    0x08007de4   0x00000038   Code   RO        15398    i.TIM3_Init         timer.o
    0x08007e1c   0x000000cc   Code   RO        12121    i.TIM_Base_SetConfig  stm32h7xx_hal_tim.o
    0x08007ee8   0x0000001c   Code   RO        12122    i.TIM_CCxChannelCmd  stm32h7xx_hal_tim.o
    0x08007f04   0x000000b0   Code   RO        12130    i.TIM_OC1_SetConfig  stm32h7xx_hal_tim.o
    0x08007fb4   0x000000bc   Code   RO        12131    i.TIM_OC2_SetConfig  stm32h7xx_hal_tim.o
    0x08008070   0x000000b4   Code   RO        12132    i.TIM_OC3_SetConfig  stm32h7xx_hal_tim.o
    0x08008124   0x00000078   Code   RO        12133    i.TIM_OC4_SetConfig  stm32h7xx_hal_tim.o
    0x0800819c   0x00000070   Code   RO        12134    i.TIM_OC5_SetConfig  stm32h7xx_hal_tim.o
    0x0800820c   0x00000074   Code   RO        12135    i.TIM_OC6_SetConfig  stm32h7xx_hal_tim.o
    0x08008280   0x00000008   Code   RO        14670    i.TIM_SetTIM2Compare1  servo.o
    0x08008288   0x00000008   Code   RO        14671    i.TIM_SetTIM2Compare2  servo.o
    0x08008290   0x00000008   Code   RO        14672    i.TIM_SetTIM2Compare3  servo.o
    0x08008298   0x00000008   Code   RO        14673    i.TIM_SetTIM2Compare4  servo.o
    0x080082a0   0x00000010   Code   RO        15450    i.UART4_IRQHandler  usart.o
    0x080082b0   0x000000ea   Code   RO        12990    i.UART_AdvFeatureConfig  stm32h7xx_hal_uart.o
    0x0800839a   0x00000074   Code   RO        12991    i.UART_CheckIdleState  stm32h7xx_hal_uart.o
    0x0800840e   0x00000018   Code   RO        12992    i.UART_DMAAbortOnError  stm32h7xx_hal_uart.o
    0x08008426   0x0000005c   Code   RO        12993    i.UART_DMAError     stm32h7xx_hal_uart.o
    0x08008482   0x00000046   Code   RO        12994    i.UART_DMAReceiveCplt  stm32h7xx_hal_uart.o
    0x080084c8   0x0000000e   Code   RO        12996    i.UART_DMARxHalfCplt  stm32h7xx_hal_uart.o
    0x080084d6   0x00000020   Code   RO        13002    i.UART_EndRxTransfer  stm32h7xx_hal_uart.o
    0x080084f6   0x00000020   Code   RO        13003    i.UART_EndTransmit_IT  stm32h7xx_hal_uart.o
    0x08008516   0x00000014   Code   RO        13004    i.UART_EndTxTransfer  stm32h7xx_hal_uart.o
    0x0800852a   0x0000008a   Code   RO        13005    i.UART_Receive_IT   stm32h7xx_hal_uart.o
    0x080085b4   0x000009a4   Code   RO        13006    i.UART_SetConfig    stm32h7xx_hal_uart.o
    0x08008f58   0x00000082   Code   RO        13007    i.UART_Transmit_IT  stm32h7xx_hal_uart.o
    0x08008fda   0x0000006c   Code   RO        13008    i.UART_WaitOnFlagUntilTimeout  stm32h7xx_hal_uart.o
    0x08009046   0x00000002   PAD
    0x08009048   0x00000030   Code   RO        15451    i.USART1_IRQHandler  usart.o
    0x08009078   0x00000010   Code   RO        15452    i.USART3_IRQHandler  usart.o
    0x08009088   0x00000044   Code   RO        15453    i.USART3_init       usart.o
    0x080090cc   0x00000004   Code   RO          393    i.UsageFault_Handler  stm32h7xx_it.o
    0x080090d0   0x00000030   Code   RO        15814    i.__ARM_fpclassify  m_wv.l(fpclassify.o)
    0x08009100   0x00000010   Code   RO         1463    i.__NVIC_GetPriorityGrouping  stm32h7xx_hal_cortex.o
    0x08009110   0x00000028   Code   RO         1464    i.__NVIC_SetPriority  stm32h7xx_hal_cortex.o
    0x08009138   0x00000208   Code   RO        15702    i.__hardfp_asin     m_wv.l(asin.o)
    0x08009340   0x00000200   Code   RO        15777    i.__hardfp_atan     m_wv.l(atan.o)
    0x08009540   0x000001c0   Code   RO        15716    i.__hardfp_atan2    m_wv.l(atan2.o)
    0x08009700   0x000000b0   Code   RO        15728    i.__hardfp_cos      m_wv.l(cos.o)
    0x080097b0   0x000000b0   Code   RO        15740    i.__hardfp_sin      m_wv.l(sin.o)
    0x08009860   0x00000080   Code   RO        15752    i.__hardfp_tan      m_wv.l(tan.o)
    0x080098e0   0x00000310   Code   RO        15819    i.__ieee754_rem_pio2  m_wv.l(rred.o)
    0x08009bf0   0x000000e0   Code   RO        15791    i.__kernel_cos      m_wv.l(cos_i.o)
    0x08009cd0   0x00000070   Code   RO        15816    i.__kernel_poly     m_wv.l(poly.o)
    0x08009d40   0x000000a8   Code   RO        15824    i.__kernel_sin      m_wv.l(sin_i.o)
    0x08009de8   0x00000208   Code   RO        15842    i.__kernel_tan      m_wv.l(tan_i.o)
    0x08009ff0   0x00000006   Code   RO        15795    i.__mathlib_dbl_infnan  m_wv.l(dunder.o)
    0x08009ff6   0x00000006   Code   RO        15796    i.__mathlib_dbl_infnan2  m_wv.l(dunder.o)
    0x08009ffc   0x00000004   PAD
    0x0800a000   0x00000018   Code   RO        15797    i.__mathlib_dbl_invalid  m_wv.l(dunder.o)
    0x0800a018   0x00000018   Code   RO        15800    i.__mathlib_dbl_underflow  m_wv.l(dunder.o)
    0x0800a030   0x00000004   Code   RO        15454    i._sys_exit         usart.o
    0x0800a034   0x00000010   Code   RO        15779    i.atan              m_wv.l(atan.o)
    0x0800a044   0x00000014   Code   RO        15171    i.delay_init        delay.o
    0x0800a058   0x00000018   Code   RO        15172    i.delay_ms          delay.o
    0x0800a070   0x00000048   Code   RO        15173    i.delay_us          delay.o
    0x0800a0b8   0x00000018   Code   RO        15810    i.fabs              m_wv.l(fabs.o)
    0x0800a0d0   0x0000001c   Code   RO        15455    i.fputc             usart.o
    0x0800a0ec   0x0000004c   Code   RO        14793    i.hmc5983_ReadBuf   hmc5983.o
    0x0800a138   0x0000000c   Code   RO        14795    i.hmc5983_StartMea  hmc5983.o
    0x0800a144   0x00000030   Code   RO        14796    i.hmc5983_WriteByte  hmc5983.o
    0x0800a174   0x00000060   Code   RO        14797    i.hmc5983_init      hmc5983.o
    0x0800a1d4   0x00000140   Code   RO            4    i.main              main.o
    0x0800a314   0x0000006a   Code   RO        15832    i.sqrt              m_wv.l(sqrt.o)
    0x0800a37e   0x00000002   PAD
    0x0800a380   0x0000004c   Code   RO        15456    i.uart4_init        usart.o
    0x0800a3cc   0x0000002c   Code   RO        15457    i.uart_init         usart.o
    0x0800a3f8   0x0000000a   Code   RO        15961    x$fpl$fpinit        fz_wv.l(fpinit.o)
    0x0800a402   0x00000000   Code   RO        15776    x$fpl$usenofp       fz_wv.l(usenofp.o)
    0x0800a402   0x00000040   Data   RO          471    .constdata          system_stm32h7xx.o
    0x0800a442   0x00000038   Data   RO         2576    .constdata          stm32h7xx_hal_dma.o
    0x0800a47a   0x00000030   Data   RO        13009    .constdata          stm32h7xx_hal_uart.o
    0x0800a4aa   0x00000006   PAD
    0x0800a4b0   0x00000050   Data   RO        15705    .constdata          m_wv.l(asin.o)
    0x0800a500   0x00000098   Data   RO        15780    .constdata          m_wv.l(atan.o)
    0x0800a598   0x00000030   Data   RO        15792    .constdata          m_wv.l(cos_i.o)
    0x0800a5c8   0x00000008   Data   RO        15818    .constdata          m_wv.l(qnan.o)
    0x0800a5d0   0x000000c8   Data   RO        15821    .constdata          m_wv.l(rred.o)
    0x0800a698   0x00000028   Data   RO        15825    .constdata          m_wv.l(sin_i.o)
    0x0800a6c0   0x00000060   Data   RO        15843    .constdata          m_wv.l(tan_i.o)
    0x0800a720   0x00000020   Data   RO        16016    Region$$Table       anon$$obj.o


    Execution Region RW_IRAM1 (Base: 0x20000000, Size: 0x00000000, Max: 0x00020000, ABSOLUTE)

    **** No section assigned to this execution region ****


    Execution Region RW_IRAM2 (Base: 0x24000000, Size: 0x00001b10, Max: 0x00080000, ABSOLUTE, COMPRESSED[0x0000007c])

    Base Addr    Size         Type   Attr      Idx    E Section Name        Object

    0x24000000   0x00000004   Data   RW            6    .data               main.o
    0x24000004   0x00000008   Data   RW          472    .data               system_stm32h7xx.o
    0x2400000c   0x00000009   Data   RW          595    .data               stm32h7xx_hal.o
    0x24000015   0x00000003   PAD
    0x24000018   0x00000090   Data   RW        14851    .data               attitudecontrol.o
    0x240000a8   0x00000014   Data   RW        14980    .data               powercontrol.o
    0x240000bc   0x00000098   Data   RW        15027    .data               attitude.o
    0x24000154   0x00000004   Data   RW        15175    .data               delay.o
    0x24000158   0x00000004   Data   RW        15460    .data               usart.o
    0x2400015c   0x00000001   Data   RW        15635    .data               global.o
    0x2400015d   0x00000003   PAD
    0x24000160   0x00000071   Zero   RW        14467    .bss                gps.o
    0x240001d1   0x00000003   PAD
    0x240001d4   0x000000b0   Zero   RW        14674    .bss                servo.o
    0x24000284   0x0000005a   Zero   RW        14744    .bss                sbus.o
    0x240002de   0x00000002   PAD
    0x240002e0   0x00000090   Zero   RW        14849    .bss                attitudecontrol.o
    0x24000370   0x00000160   Zero   RW        15025    .bss                attitude.o
    0x240004d0   0x000001e0   Zero   RW        15215    .bss                dma.o
    0x240006b0   0x00000040   Zero   RW        15399    .bss                timer.o
    0x240006f0   0x00000d38   Zero   RW        15458    .bss                usart.o
    0x24001428   0x00000088   Zero   RW        15544    .bss                spi.o
    0x240014b0   0x00000060   Zero   RW        15877    .bss                c_w.l(libspace.o)
    0x24001510   0x00000200   Zero   RW          536    HEAP                startup_stm32h743xx.o
    0x24001710   0x00000400   Zero   RW          535    STACK               startup_stm32h743xx.o


==============================================================================

Image component sizes


      Code (inc. data)   RO Data    RW Data    ZI Data      Debug   Object Name

      3586        274          0        152        352       5949   attitude.o
      2184        234          0        144        144       3831   attitudecontrol.o
       116          8          0          4          0       2131   delay.o
       516         58          0          0        480       3819   dma.o
         0          0          0          1          0        324   global.o
      2154         98          0          0        113      45159   gps.o
       304         18          0          0          0       3594   hmc5983.o
       760         52          0          0          0       5162   iic.o
       320         58          0          4          0    1230644   main.o
       780          0          0          0          0       7475   mpu9250.o
      1016        160          0         20          0       2419   powercontrol.o
      1012         64          0          0         90       3733   sbus.o
       388         36          0          0        176       5131   servo.o
       260         22          0          0        136       2558   spi.o
        64         26        664          0       1536        852   startup_stm32h743xx.o
       160         32          0          9          0       4215   stm32h7xx_hal.o
       342         22          0          0          0      39649   stm32h7xx_hal_cortex.o
      3440        138         56          0          0      12378   stm32h7xx_hal_dma.o
       614         54          0          0          0       3283   stm32h7xx_hal_gpio.o
         2          0          0          0          0        486   stm32h7xx_hal_msp.o
      3048         86          0          0          0       6216   stm32h7xx_hal_rcc.o
      4692        118          0          0          0       7631   stm32h7xx_hal_rcc_ex.o
      1942         14          0          0          0       5349   stm32h7xx_hal_spi.o
      2190        186          0          0          0      14150   stm32h7xx_hal_tim.o
         4          0          0          0          0       1842   stm32h7xx_hal_tim_ex.o
      4336        152         48          0          0      17222   stm32h7xx_hal_uart.o
         2          0          0          0          0       1048   stm32h7xx_hal_uart_ex.o
        32          0          0          0          0       4414   stm32h7xx_it.o
       556         30          0          0          0      37493   sys.o
       148         18         64          8          0       1358   system_stm32h7xx.o
       172         36          0          0         64       3101   timer.o
       726         92          0          4       3384       8409   usart.o

    ----------------------------------------------------------------------
     35888       2086        870        352       6480    1491025   Object Totals
         0          0         32          0          0          0   (incl. Generated)
        22          0          6          6          5          0   (incl. Padding)

    ----------------------------------------------------------------------

      Code (inc. data)   RO Data    RW Data    ZI Data      Debug   Library Member Name

        90          0          0          0          0          0   __dczerorl2.o
         8          0          0          0          0         68   __main.o
       104          0          0          0          0         84   __printf.o
         0          0          0          0          0          0   __rtentry.o
        12          0          0          0          0          0   __rtentry2.o
         6          0          0          0          0          0   __rtentry4.o
        52          8          0          0          0          0   __scatter.o
        28          0          0          0          0          0   __scatter_zi.o
        48          6          0          0          0         96   _printf_char_common.o
        36          4          0          0          0         80   _printf_char_file.o
         6          0          0          0          0          0   _printf_d.o
       120         16          0          0          0         92   _printf_dec.o
       178          0          0          0          0         88   _printf_intcommon.o
         0          0          0          0          0          0   _printf_percent.o
         4          0          0          0          0          0   _printf_percent_end.o
        22          0          0          0          0        100   _rserrno.o
        12          0          0          0          0         72   exit.o
         8          0          0          0          0         68   ferror.o
         6          0          0          0          0        152   heapauxi.o
         2          0          0          0          0          0   libinit.o
         6          0          0          0          0          0   libinit2.o
         2          0          0          0          0          0   libshutdown.o
         2          0          0          0          0          0   libshutdown2.o
         8          4          0          0         96         68   libspace.o
       238          0          0          0          0        100   lludivv7m.o
        24          4          0          0          0         84   noretval__2printf.o
         8          4          0          0          0         68   rt_errno_addr_intlibspace.o
       138          0          0          0          0         68   rt_memcpy_v6.o
       100          0          0          0          0         80   rt_memcpy_w.o
         2          0          0          0          0          0   rtexit.o
        10          0          0          0          0          0   rtexit2.o
        36          0          0          0          0         80   strstr.o
        74          0          0          0          0         80   sys_stackheap_outer.o
        10          0          0          0          0        116   fpinit.o
         0          0          0          0          0          0   usenofp.o
       520         88         80          0          0        252   asin.o
       528        110        152          0          0        348   atan.o
       448         68          0          0          0        180   atan2.o
       176         18          0          0          0        156   cos.o
       224         42         48          0          0        184   cos_i.o
        60         28          0          0          0        464   dunder.o
        24          0          0          0          0        124   fabs.o
        48          0          0          0          0        124   fpclassify.o
       112          0          0          0          0        116   poly.o
         0          0          8          0          0          0   qnan.o
       784        138        200          0          0        172   rred.o
       176         18          0          0          0        160   sin.o
       168         24         40          0          0        196   sin_i.o
       106          0          0          0          0        140   sqrt.o
       128         20          0          0          0        144   tan.o
       520         86         96          0          0        196   tan_i.o

    ----------------------------------------------------------------------
      5434        686        624          0         96       4600   Library Totals
        12          0          0          0          0          0   (incl. Padding)

    ----------------------------------------------------------------------

      Code (inc. data)   RO Data    RW Data    ZI Data      Debug   Library Name

      1390         46          0          0         96       1528   c_w.l
        10          0          0          0          0        116   fz_wv.l
      4022        640        624          0          0       2956   m_wv.l

    ----------------------------------------------------------------------
      5434        686        624          0         96       4600   Library Totals

    ----------------------------------------------------------------------

==============================================================================


      Code (inc. data)   RO Data    RW Data    ZI Data      Debug   

     41322       2772       1494        352       6576    1475697   Grand Totals
     41322       2772       1494        124       6576    1475697   ELF Image Totals (compressed)
     41322       2772       1494        124          0          0   ROM Totals

==============================================================================

    Total RO  Size (Code + RO Data)                42816 (  41.81kB)
    Total RW  Size (RW Data + ZI Data)              6928 (   6.77kB)
    Total ROM Size (Code + RO Data + RW Data)      42940 (  41.93kB)

==============================================================================

