<html>
<body>
<pre>
<h1>礦ision Build Log</h1>
<h2>Tool Versions:</h2>
IDE-Version: μVision V5.14.0.0
Copyright (C) 2015 ARM Ltd and ARM Germany GmbH. All rights reserved.
License Information: Shuo Jiang, 111, LIC=LJWQD-8R089-LVG1I-TK8C4-DQA6P-NB0ZL
 
Tool Versions:
Toolchain:       MDK-ARM Professional  Version: 5.14.0.0
Toolchain Path:  D:\MDK5\ARM\ARMCC\Bin
C Compiler:      Armcc.exe V5.05 update 1 (build 106)
Assembler:       Armasm.exe V5.05 update 1 (build 106)
Linker/Locator:  ArmLink.exe V5.05 update 1 (build 106)
Library Manager: ArmAr.exe V5.05 update 1 (build 106)
Hex Converter:   FromElf.exe V5.05 update 1 (build 106)
CPU DLL:         SARMCM3.DLL V5.14.0.0
Dialog DLL:      DCM.DLL V1.13.1.0
Target DLL:      STLink\ST-LINKIII-KEIL_SWO.dll V2.0.14.0_KEIL
Dialog DLL:      TCM.DLL V1.14.4.0
 
<h2>Project:</h2>
D:\桌面文件\学习\无人机\2 四旋翼无人机\四旋翼主文件\HailQuad_V1.0\USER\HailQuad.uvprojx
Project File Date:  11/07/2019

<h2>Output:</h2>
Build target 'HailQuad'
compiling main.c...
compiling PowerControl.c...
linking...
Program Size: Code=41322 RO-data=1494 RW-data=352 ZI-data=6576  
FromELF: creating hex file...
"..\OBJ\Template.axf" - 0 Error(s), 0 Warning(s).

<h2>Collection of Component include folders:</h2>
  D:\桌面文件\学习\无人机\2 四旋翼无人机\四旋翼主文件\HailQuad_V1.0\USER\RTE
  D:\MDK5\ARM\PACK\Keil\STM32H7xx_DFP\2.1.0

<h2>Collection of Component Files used:</h2>
</pre>
</body>
</html>
